

processing file: H09.qmd
1/35                                  
2/35 [setup-h09-reader]               
3/35                                  
4/35 [tbl-h09-metrics]                
5/35                                  
6/35 [tbl-h09-formulas]               
7/35                                  
8/35 [tbl-h09-primary-samples]        
9/35                                  
10/35 [fig-h09-primary-effects]        
11/35                                  
12/35 [tbl-h09-near-eye-results]       
13/35                                  
14/35 [tbl-h09-chest-results]          
15/35                                  
16/35 [fig-h09-paired-placement]       
17/35                                  
18/35 [tbl-h09-paired-placement]       
19/35                                  
20/35 [tbl-h09-interactions]           
21/35                                  
22/35 [tbl-h09-qualified-diagnostics]  
23/35                                  
24/35 [fig-h09-near-eye-diagnostics]   
25/35                                  
26/35 [fig-h09-chest-diagnostics]      
27/35                                  
28/35 [tbl-h09-gap-sensitivity]        
29/35                                  
30/35 [tbl-h09-sensitivity-summary]    
31/35                                  
32/35 [tbl-h09-mean-timing-sensitivity]
33/35                                  
34/35 [h09-session-information]        
35/35                                  
output file: H09.knit.md

pandoc 
  to: html
  output-file: H09.html
  standalone: true
  title-prefix: Nature Health analysis and manuscript
  section-divs: true
  html-math-method: katex
  wrap: none
  default-image-extension: png
  css:
    - ../../styles.css
  toc: true
  toc-depth: 3
  variables: {}
  
metadata
  document-css: false
  link-citations: true
  date-format: long
  lang: en
  manuscript:
    resources:
      - ../../data/metric_types.xlsx
  date: last-modified
  engines:
    - path: /Applications/quarto/share/extension-subtrees/julia-engine/_extensions/julia-engine/julia-engine.js
  sidebar: nathealth
  theme:
    - cosmo
    - brand
  toc-location: left
  toc-expand: 2
  code-summary: Show R code
  page-layout: full
  title: 'H09: Chronotype and timing of personal light exposure'
  subtitle: MCTQ and MEQ associations with five registered timing metrics
  
gt-html-semantics target=_build/nathealth/notebooks/hypotheses/H09.html disposition=REPAIRED pre=deae88c364e828c11447026a2cd780e238bcc9757d742ebd7bba487dbf11713c post=dbc9122ca0a7be6e051741d8354f9ebdec8e072753d9b2592d6387f9716a7caa tables=11 ids=54 headers=505

Output created: ../../_build/nathealth/notebooks/hypotheses/H09.html

