pandoc 
  to: html
  output-file: selection.html
  standalone: true
  embed-resources: true
  section-divs: true
  html-math-method: mathjax
  wrap: none
  default-image-extension: png
  css:
    - order72k_layout.css
  toc: true
  toc-depth: 3
  variables: {}
  
metadata
  document-css: false
  link-citations: true
  date-format: long
  lang: en
  engines:
    - path: /Applications/quarto/share/extension-subtrees/julia-engine/_extensions/julia-engine/julia-engine.js
  title: Nature Health figure and table selection
  subtitle: Author-reviewed main displays, Supplementary Information sequence, captions, and coordinated display repairs
  date: '2026-08-24'
  theme: cosmo
  page-layout: full
  smooth-scroll: true
  
Output created: render_attempt1/selection.html
