           model_id sample_id                          family fixed_rung
             <char>    <char>                          <char>     <char>
1: BA-LB-PRIMARY-80      B_80 endpoint_inflated_beta_binomial         F3
   random_rung zero_rung one_rung dispersion_rung use_zero_component  rows
        <char>    <char>   <char>          <char>             <lgcl> <int>
1:          R3        Q2       Q1              D0               TRUE  2069
   participants behavioral_days convergence objective maximum_absolute_gradient
          <int>           <int>       <int>     <num>                     <num>
1:          140             762           0  10125.89               0.005285724
   positive_definite_hessian fixed_parameters_finite covariance_finite
                      <lgcl>                  <lgcl>            <lgcl>
1:                      TRUE                    TRUE              TRUE
   minimum_covariance_eigenvalue maximum_endpoint_coefficient
                           <num>                        <num>
1:                  0.0004988352                     4.256121
   maximum_endpoint_standard_error endpoint_probability_interior
                             <num>                        <lgcl>
1:                       0.3422224                          TRUE
   mean_random_boundary all_no_random_boundary all_yes_random_boundary
                 <lgcl>                 <lgcl>                  <lgcl>
1:                FALSE                  FALSE                   FALSE
                 fit_status structural_failure failure_components
                     <char>             <lgcl>             <char>
1: acceptable_with_cautions              FALSE                   
           optimizer_message sdreport_message optimization_seconds
                      <char>           <char>                <num>
1: BFGS relative convergence                                 6.324
   optimization_passes
                 <int>
1:                   3
Candidate complete. No scientific or author acceptance is implied.
