14/Sep/2026 20:46:06 "GET /index.html HTTP/1.1" 200 -
14/Sep/2026 20:46:06 "GET /supplementary_information.html HTTP/1.1" 200 -
14/Sep/2026 20:46:06 "GET /notebooks/preparation/01_import_state_alignment.html HTTP/1.1" 200 -
14/Sep/2026 20:46:06 "GET /notebooks/preparation/02_coverage_sample_flow.html HTTP/1.1" 200 -
14/Sep/2026 20:46:06 "GET /notebooks/preparation/03_reference_profiles.html HTTP/1.1" 200 -
14/Sep/2026 20:46:06 "GET /notebooks/preparation/04_metric_derivation.html HTTP/1.1" 200 -
14/Sep/2026 20:46:06 "GET /notebooks/preparation/05_model_input_acquisition.html HTTP/1.1" 200 -
14/Sep/2026 20:46:06 "GET /notebooks/preparation/06_model_ready_datasets.html HTTP/1.1" 200 -
14/Sep/2026 20:46:06 "GET /notebooks/preparation/07_example_days.html HTTP/1.1" 200 -
14/Sep/2026 20:46:06 "GET /notebooks/placement_decision.html HTTP/1.1" 200 -
14/Sep/2026 20:46:06 "GET /notebooks/descriptives.html HTTP/1.1" 200 -
14/Sep/2026 20:46:06 "GET /notebooks/preregistration_deviations.html HTTP/1.1" 200 -
14/Sep/2026 20:46:06 "GET /notebooks/hypotheses/H01.html HTTP/1.1" 200 -
14/Sep/2026 20:46:06 "GET /audit/hypotheses/H01/H01_analysis_preparation.html HTTP/1.1" 200 -
14/Sep/2026 20:46:06 "GET /notebooks/hypotheses/H02.html HTTP/1.1" 200 -
14/Sep/2026 20:46:06 "GET /audit/hypotheses/H02/H02_analysis_preparation.html HTTP/1.1" 200 -
14/Sep/2026 20:46:06 "GET /notebooks/hypotheses/H03.html HTTP/1.1" 200 -
14/Sep/2026 20:46:06 "GET /audit/hypotheses/H03/H03_analysis_preparation.html HTTP/1.1" 200 -
14/Sep/2026 20:46:06 "GET /notebooks/hypotheses/H04.html HTTP/1.1" 200 -
14/Sep/2026 20:46:06 "GET /audit/hypotheses/H04/H04_analysis_preparation.html HTTP/1.1" 200 -
14/Sep/2026 20:46:06 "GET /notebooks/hypotheses/H05.html HTTP/1.1" 200 -
14/Sep/2026 20:46:06 "GET /audit/hypotheses/H05/H05_analysis_preparation.html HTTP/1.1" 200 -
14/Sep/2026 20:46:06 "GET /notebooks/hypotheses/H06.html HTTP/1.1" 200 -
14/Sep/2026 20:46:06 "GET /audit/hypotheses/H06/H06_analysis_preparation.html HTTP/1.1" 200 -
14/Sep/2026 20:46:06 "GET /notebooks/hypotheses/H06_daily.html HTTP/1.1" 200 -
14/Sep/2026 20:46:06 "GET /audit/hypotheses/H06_daily/H06_daily_analysis_preparation.html HTTP/1.1" 200 -
14/Sep/2026 20:46:06 "GET /notebooks/hypotheses/H07.html HTTP/1.1" 200 -
14/Sep/2026 20:46:06 "GET /audit/hypotheses/H07/H07_analysis_preparation.html HTTP/1.1" 200 -
14/Sep/2026 20:46:06 "GET /notebooks/hypotheses/H08.html HTTP/1.1" 200 -
14/Sep/2026 20:46:06 "GET /audit/hypotheses/H08/H08_analysis_preparation.html HTTP/1.1" 200 -
14/Sep/2026 20:46:06 "GET /notebooks/hypotheses/H09.html HTTP/1.1" 200 -
14/Sep/2026 20:46:06 "GET /audit/hypotheses/H09/H09_analysis_preparation.html HTTP/1.1" 200 -
14/Sep/2026 20:46:06 "GET /notebooks/hypotheses/H10.html HTTP/1.1" 200 -
14/Sep/2026 20:46:06 "GET /audit/hypotheses/H10/H10_analysis_preparation.html HTTP/1.1" 200 -
14/Sep/2026 20:46:06 "GET /notebooks/hypotheses/H11.html HTTP/1.1" 200 -
14/Sep/2026 20:46:06 "GET /audit/hypotheses/H11/H11_analysis_preparation.html HTTP/1.1" 200 -
14/Sep/2026 20:46:06 "GET /ZaunerEtAl2026_NatHealth_phase3_brown.docx HTTP/1.1" 200 -
14/Sep/2026 20:46:06 "HEAD /ZaunerEtAl2026_NatHealth_phase3_brown.docx HTTP/1.1" 200 -
14/Sep/2026 20:46:06 "GET /editable_tables/Table_1.docx HTTP/1.1" 200 -
14/Sep/2026 20:46:06 "HEAD /editable_tables/Table_1.docx HTTP/1.1" 200 -
14/Sep/2026 20:46:06 "GET /editable_tables/Table_2.docx HTTP/1.1" 200 -
14/Sep/2026 20:46:06 "HEAD /editable_tables/Table_2.docx HTTP/1.1" 200 -
14/Sep/2026 20:46:06 "GET /editable_tables/Table_3.docx HTTP/1.1" 200 -
14/Sep/2026 20:46:06 "HEAD /editable_tables/Table_3.docx HTTP/1.1" 200 -
14/Sep/2026 20:46:06 "GET /editable_tables/Table_S1.docx HTTP/1.1" 200 -
14/Sep/2026 20:46:06 "HEAD /editable_tables/Table_S1.docx HTTP/1.1" 200 -
14/Sep/2026 20:46:06 "GET /editable_tables/Table_S2.docx HTTP/1.1" 200 -
14/Sep/2026 20:46:06 "HEAD /editable_tables/Table_S2.docx HTTP/1.1" 200 -
14/Sep/2026 20:46:06 "GET /editable_tables/Table_S3.docx HTTP/1.1" 200 -
14/Sep/2026 20:46:06 "HEAD /editable_tables/Table_S3.docx HTTP/1.1" 200 -
14/Sep/2026 20:46:06 "GET /editable_tables/Table_S4.docx HTTP/1.1" 200 -
14/Sep/2026 20:46:06 "HEAD /editable_tables/Table_S4.docx HTTP/1.1" 200 -
14/Sep/2026 20:46:06 "GET /editable_tables/Table_S5.docx HTTP/1.1" 200 -
14/Sep/2026 20:46:06 "HEAD /editable_tables/Table_S5.docx HTTP/1.1" 200 -
14/Sep/2026 20:46:06 "GET /editable_tables/Table_S6.docx HTTP/1.1" 200 -
14/Sep/2026 20:46:06 "HEAD /editable_tables/Table_S6.docx HTTP/1.1" 200 -
14/Sep/2026 20:46:06 "GET /editable_tables/Table_S7.docx HTTP/1.1" 200 -
14/Sep/2026 20:46:06 "HEAD /editable_tables/Table_S7.docx HTTP/1.1" 200 -
14/Sep/2026 20:46:06 "GET /editable_tables/Table_S8.docx HTTP/1.1" 200 -
14/Sep/2026 20:46:06 "HEAD /editable_tables/Table_S8.docx HTTP/1.1" 200 -
14/Sep/2026 20:46:06 "GET /editable_tables/Table_S9.docx HTTP/1.1" 200 -
14/Sep/2026 20:46:06 "HEAD /editable_tables/Table_S9.docx HTTP/1.1" 200 -
14/Sep/2026 20:46:06 "GET /editable_tables/Table_S10.docx HTTP/1.1" 200 -
14/Sep/2026 20:46:06 "HEAD /editable_tables/Table_S10.docx HTTP/1.1" 200 -
14/Sep/2026 20:46:06 "GET /editable_tables/Table_S11a.docx HTTP/1.1" 200 -
14/Sep/2026 20:46:06 "HEAD /editable_tables/Table_S11a.docx HTTP/1.1" 200 -
14/Sep/2026 20:46:06 "GET /editable_tables/Table_S11b.docx HTTP/1.1" 200 -
14/Sep/2026 20:46:06 "HEAD /editable_tables/Table_S11b.docx HTTP/1.1" 200 -
14/Sep/2026 20:46:06 "GET /editable_tables/Table_S12.docx HTTP/1.1" 200 -
14/Sep/2026 20:46:06 "HEAD /editable_tables/Table_S12.docx HTTP/1.1" 200 -
14/Sep/2026 20:46:06 "GET /editable_tables/Table_S13.docx HTTP/1.1" 200 -
14/Sep/2026 20:46:06 "HEAD /editable_tables/Table_S13.docx HTTP/1.1" 200 -
14/Sep/2026 20:46:06 "GET /editable_tables/Table_S14.docx HTTP/1.1" 200 -
14/Sep/2026 20:46:06 "HEAD /editable_tables/Table_S14.docx HTTP/1.1" 200 -
14/Sep/2026 20:46:06 "GET /editable_tables/Table_S15.docx HTTP/1.1" 200 -
14/Sep/2026 20:46:06 "HEAD /editable_tables/Table_S15.docx HTTP/1.1" 200 -
14/Sep/2026 20:46:06 code 404, message File not found
14/Sep/2026 20:46:06 "GET /notebooks/sensitivity_battery.html HTTP/1.1" 404 -
14/Sep/2026 20:46:06 code 404, message File not found
14/Sep/2026 20:46:06 "GET /manuscript_changes.csv HTTP/1.1" 404 -
14/Sep/2026 20:46:06 code 404, message File not found
14/Sep/2026 20:46:06 "GET /manuscript_changes.md HTTP/1.1" 404 -
14/Sep/2026 20:46:27 "GET /index.html HTTP/1.1" 200 -
14/Sep/2026 20:46:27 "GET /site_libs/quarto-nav/quarto-nav.js HTTP/1.1" 200 -
14/Sep/2026 20:46:27 "GET /site_libs/quarto-search/fuse.min.js HTTP/1.1" 200 -
14/Sep/2026 20:46:27 "GET /site_libs/quarto-nav/headroom.min.js HTTP/1.1" 200 -
14/Sep/2026 20:46:27 "GET /site_libs/clipboard/clipboard.min.js HTTP/1.1" 200 -
14/Sep/2026 20:46:27 "GET /site_libs/quarto-search/autocomplete.umd.js HTTP/1.1" 200 -
14/Sep/2026 20:46:27 "GET /site_libs/quarto-html/tippy.css HTTP/1.1" 200 -
14/Sep/2026 20:46:27 "GET /site_libs/quarto-html/quarto-syntax-highlighting-7f8f88aac4f3542376d5c11b86a4c14d.css HTTP/1.1" 200 -
14/Sep/2026 20:46:27 "GET /site_libs/bootstrap/bootstrap-972c31c23100bce3c5dc8576c7cea842.min.css HTTP/1.1" 200 -
14/Sep/2026 20:46:27 "GET /site_libs/bootstrap/bootstrap-icons.css HTTP/1.1" 200 -
14/Sep/2026 20:46:27 "GET /site_libs/quarto-contrib/glightbox/glightbox.min.css HTTP/1.1" 200 -
14/Sep/2026 20:46:27 "GET /styles.css HTTP/1.1" 200 -
14/Sep/2026 20:46:27 "GET /site_libs/quarto-contrib/glightbox/lightbox.css HTTP/1.1" 200 -
14/Sep/2026 20:46:27 "GET /styles-nathealth.css HTTP/1.1" 200 -
14/Sep/2026 20:46:27 "GET /site_libs/quarto-html/quarto.js HTTP/1.1" 200 -
14/Sep/2026 20:46:27 "GET /site_libs/quarto-search/quarto-search.js HTTP/1.1" 200 -
14/Sep/2026 20:46:27 "GET /site_libs/quarto-html/tabsets/tabsets.js HTTP/1.1" 200 -
14/Sep/2026 20:46:27 "GET /site_libs/quarto-html/popper.min.js HTTP/1.1" 200 -
14/Sep/2026 20:46:27 "GET /site_libs/quarto-html/tippy.umd.min.js HTTP/1.1" 200 -
14/Sep/2026 20:46:27 "GET /site_libs/quarto-html/anchor.min.js HTTP/1.1" 200 -
14/Sep/2026 20:46:27 "GET /site_libs/bootstrap/bootstrap.min.js HTTP/1.1" 200 -
14/Sep/2026 20:46:27 "GET /site_libs/quarto-contrib/glightbox/glightbox.min.js HTTP/1.1" 200 -
14/Sep/2026 20:46:27 "GET /site_libs/bootstrap/bootstrap-icons.woff?e34853135f9e39acf64315236852cd5a HTTP/1.1" 200 -
14/Sep/2026 20:46:27 code 404, message File not found
14/Sep/2026 20:46:27 "GET /favicon.ico HTTP/1.1" 404 -
14/Sep/2026 20:47:26 "GET /search.json HTTP/1.1" 200 -
14/Sep/2026 20:49:13 "GET /supplementary_information.html HTTP/1.1" 200 -
14/Sep/2026 20:49:13 "GET /site_libs/bootstrap/bootstrap-1b8143a5af30aa0587ead8c64582f750.min.css HTTP/1.1" 200 -
14/Sep/2026 20:51:09 "GET /index.html HTTP/1.1" 304 -
14/Sep/2026 20:53:41 "GET /supplementary_information.html HTTP/1.1" 304 -
14/Sep/2026 20:55:09 "GET /audit/hypotheses/H11/H11_analysis_preparation.html HTTP/1.1" 200 -
14/Sep/2026 20:55:09 "GET /site_libs/quarto-diagram/mermaid-init.js HTTP/1.1" 200 -
14/Sep/2026 20:55:09 "GET /site_libs/quarto-diagram/mermaid.css HTTP/1.1" 200 -
14/Sep/2026 20:55:09 "GET /site_libs/quarto-diagram/mermaid.min.js HTTP/1.1" 200 -
14/Sep/2026 20:55:09 "GET /artifacts/10_figures/H11/preparation/H11_preparation_site_sex_support.png HTTP/1.1" 200 -
14/Sep/2026 20:55:09 "GET /artifacts/10_figures/H11/preparation/H11_preparation_melEDI_distribution.png HTTP/1.1" 200 -
14/Sep/2026 20:55:09 "GET /artifacts/10_figures/H11/preparation/H11_preparation_activity_attrition.png HTTP/1.1" 200 -
14/Sep/2026 20:55:12 "GET /index.html HTTP/1.1" 304 -
