{
  "output": "/Users/zauner/Documents/Arbeit/12-TUM/MeLiDos/WP2.2.5_Data_Analysis/ZaunerEtAl_bioRxiv_2026/audit/manuscript_nature_health/final_format_completion_2026_09_14/deliverables/manuscript_assembled_round2.docx",
  "author_block": {
    "affiliations": 14,
    "raw_indices": {
      "date": 2,
      "abstract": 6,
      "affiliations": 3,
      "correspondence": 4
    },
    "final_indices": {
      "date": 2,
      "abstract": 6,
      "affiliations": 3,
      "correspondence": 4
    },
    "action": "already correctly ordered with an in-text abstract"
  },
  "display_bookmarks": {
    "internal_hyperlinks": 126,
    "unique_internal_targets": 104,
    "bookmark_names_before": 177,
    "bookmark_names_after": 199,
    "unresolved_before": [
      "fig-activity-context",
      "fig-daily-architecture",
      "fig-s1",
      "fig-s10",
      "fig-s11",
      "fig-s12",
      "fig-s13",
      "fig-s14",
      "fig-s15",
      "fig-s16",
      "fig-s17",
      "fig-s2",
      "fig-s4",
      "fig-s5",
      "fig-s6",
      "fig-s7",
      "fig-s8",
      "fig-s9",
      "fig-study-overview",
      "tbl-brown-adherence",
      "tbl-metric-context",
      "tbl-participant-site"
    ],
    "unresolved_after": [],
    "fig_s3_hyperlinks": 0,
    "fig_s3_bookmarks": 0,
    "added": [
      {
        "name": "fig-study-overview",
        "id": "360",
        "destination": "Figure 1: Five-panel overview of the eight-day protocol, sensor positions, nine country-coded sites, collection windows, civil photoperiod, and the pooled near-eye daily profile. A, Eight-day field protocol and sensor positions. The wrist logger is shown as a protocol device but is not an exposure channel analysed in this manuscript. B, Nine sites in seven countries. C, Site collection periods. D, Observed civil photoperiod. E, Site and pooled 15-minute median near-eye melanopic equivalent daylight illuminance profiles from 816 participant-days contributed by 141 participants, repeated over 48 hours for display only. Grey ribbons show the central 50% and 90% of measured values, not confidence intervals; coloured lines are site medians, the black line is the pooled median, and red and blue shading show mean reported sleep and civil night (sun elevation < -6\u00b0). During reported sleep, the measurement represents the bedside sleep environment."
      },
      {
        "name": "tbl-participant-site",
        "id": "361",
        "destination": "Table 1: Participant and measurement characteristics overall and by country-coded study site. The table distinguishes the 191-person roster, participants and participant-days with recorded light data, and the screened near-eye and complementary chest samples. Model-specific samples are reported with each analysis. Of the 191 roster participants, 184 contributed the 1,478 recorded participant-days. Continuous participant characteristics are median with the stated percentile range."
      },
      {
        "name": "tbl-brown-adherence",
        "id": "362",
        "destination": "Table 2: Recommendation adherence by Brown et al. recommendation window and day type. Observed valid-minute fractions are descriptive; work-day and free-day estimates and their difference are model-based, with 95% confidence intervals and false-discovery-rate-adjusted p-values. Each of nine sites receives equal weight in the model estimates. Daytime, Pre-sleep and Sleep identify the recommendation windows: daytime excludes the three hours before reported sleep, pre-sleep comprises those three hours, and sleep describes the bedside sleep environment. The wake-start date assigns the day type to the preceding sleep, daytime and following pre-sleep windows; each window qualifies independently. Only the primary any-valid sample is shown: 2,298 periods, 140 participants, 794 cycles and 1,043,192 valid minutes. The 80% coverage sensitivity remains reported in the Results and Methods; its pre-sleep interval includes zero, and temporal dependence remains unresolved. Confidence-interval exclusion and FDR decisions are separate summaries. Descriptive pooled-minute fractions are detailed in Supplementary Table S3. Adherence does not classify participants."
      },
      {
        "name": "fig-daily-architecture",
        "id": "363",
        "destination": "Figure 2: Multiscale daily pattern of near-eye melanopic equivalent daylight illuminance. A, Site-average daily curve. B, Fitted site curves. C, Fitted participant curves after the shared local-clock and site patterns were considered. D, Ratio of each fitted site curve to the site-average curve on the melanopic equivalent daylight illuminance plus 0.1 lx scale. Grey bands show mean civil night. Shaded bands are clock-specific 95% confidence intervals; red segments identify displayed half-hours whose interval did not include the site-average curve and are descriptive clock-specific contrasts. The analysis included 141 participants and 816 participant-days across nine sites. The label \u201cglobal time effect\u201d denotes the site-average local-clock curve (panel A)."
      },
      {
        "name": "tbl-metric-context",
        "id": "364",
        "destination": "Table 3: Near-eye personal light-exposure metrics and their geographic and photoperiod context. Descriptive exposure values are medians with interquartile ranges (25th to 75th percentiles). Density plots show site distributions and are descriptive. Metrics are grouped into thematic streams and describe distinct features of the daily exposure pattern rather than interchangeable health-response estimates. Model cells report overall-site evidence, civil-photoperiod associations with 95% confidence intervals, FDR decisions, participant-associated model information and model-specific R\u00b2 summaries where applicable. Site and photoperiod part-R\u00b2 values may contain overlapping fitted information and must not be summed. Associations are observational. Absolute latitude is fixed within and confounded with study site, so separate models containing either site or latitude are reported; complete latitude and model-adequacy results are provided in the Supplementary Information."
      },
      {
        "name": "fig-activity-context",
        "id": "365",
        "destination": "Figure 3: Personal light exposure by immediate setting across time of day and study sites. The diary variable labelled activity combines behaviour and environmental setting. A\u2013C, Exploratory time-of-day analysis. Panel A shows site-average expected one-hour melanopic EDI with clock-specific 95% confidence intervals; the dashed black curve is the site-average local-clock smooth. Panel B shows each setting curve relative to that smooth, with 1 as the reference. Panel C shows effective weighted hours; open circles indicate locally sparse support and grey regions indicate times without observations. D, Site-average category estimates and site-specific deviation ratios from the activity-by-site interaction model, with participant-cluster-robust 95% confidence intervals and FDR-adjusted p values. Each multi-select participant-hour contributes weight 1/k to every retained setting category. The Other category is sparse and display-only. The fitted frame contains 126 participants, 724 participant-days, 16,135 unique participant-hours, 16,135 effective weighted hours and 4,746 exact-zero participant-hours. Estimates are observational."
      },
      {
        "name": "fig-s1",
        "id": "366",
        "destination": "Supplementary Figure S1. Near-eye metric distributions"
      },
      {
        "name": "fig-s2",
        "id": "367",
        "destination": "Supplementary Figure S2. Worked metric derivation"
      },
      {
        "name": "fig-s4",
        "id": "368",
        "destination": "Supplementary Figure S4. Site-average recommendation adherence"
      },
      {
        "name": "fig-s5",
        "id": "369",
        "destination": "Supplementary Figure S5. Site-specific adherence and day-type differences"
      },
      {
        "name": "fig-s6",
        "id": "370",
        "destination": "Supplementary Figure S6. Anonymous participant recommendation-adherence profiles"
      },
      {
        "name": "fig-s7",
        "id": "371",
        "destination": "Supplementary Figure S7. Geographic support and nonlinear photoperiod classifications"
      },
      {
        "name": "fig-s8",
        "id": "372",
        "destination": "Supplementary Figure S8. Light-source category and local-clock pattern of near-eye melanopic EDI"
      },
      {
        "name": "fig-s9",
        "id": "373",
        "destination": "Supplementary Figure S9. Paired sensor-position hourly associations"
      },
      {
        "name": "fig-s10",
        "id": "374",
        "destination": "Supplementary Figure S10. Free-versus-Work hourly timing"
      },
      {
        "name": "fig-s11",
        "id": "375",
        "destination": "Supplementary Figure S11. Active-versus-Sedentary hourly timing"
      },
      {
        "name": "fig-s12",
        "id": "376",
        "destination": "Supplementary Figure S12. Site-specific hourly routine associations"
      },
      {
        "name": "fig-s13",
        "id": "377",
        "destination": "Supplementary Figure S13 and Table S11. Light-exposure behaviour and awareness"
      },
      {
        "name": "fig-s14",
        "id": "378",
        "destination": "Supplementary Figure S14 and Table S12. Visual light sensitivity"
      },
      {
        "name": "fig-s15",
        "id": "379",
        "destination": "Supplementary Figure S15 and Table S13. Chronotype and timing"
      },
      {
        "name": "fig-s16",
        "id": "380",
        "destination": "Supplementary Figure S16 and Table S14. Age and biological sex"
      },
      {
        "name": "fig-s17",
        "id": "381",
        "destination": "Supplementary Figure S17 and Table S15. Biological-sex-specific daily curves"
      }
    ],
    "exact_reversal": true
  },
  "new_page_sections": [
    "Abstract",
    "Introduction",
    "Results",
    "Discussion",
    "Methods",
    "Data availability",
    "Code availability",
    "References",
    "Acknowledgements",
    "Funding",
    "Author contributions",
    "Competing interests",
    "Supplementary Information"
  ],
  "sections": 35,
  "page_contract": [
    {
      "label": "ordinary prose",
      "page": "A4 portrait",
      "page_width_inches": 8.264583333333333,
      "page_height_inches": 11.694444444444445,
      "printable_width_inches": 6.2645833333333325,
      "printable_height_inches": 9.694444444444445,
      "first_node": 0,
      "last_node": 24,
      "displays": [
        {
          "label": "Main Figure 1",
          "width_inches": 4.62,
          "height_inches": 4.4
        }
      ]
    },
    {
      "label": "Main Table 1",
      "page": "A4 landscape",
      "page_width_inches": 11.694444444444445,
      "page_height_inches": 8.264583333333333,
      "printable_width_inches": 10.794444444444444,
      "printable_height_inches": 7.164583333333333,
      "first_node": 25,
      "last_node": 27,
      "displays": [
        {
          "label": "Main Table 1, part 1 of 2",
          "width_inches": 10.55,
          "height_inches": 4.635605861767279
        },
        {
          "label": "Main Table 1, part 2 of 2",
          "width_inches": 10.55,
          "height_inches": 4.4198097112860895
        }
      ]
    },
    {
      "label": "ordinary prose",
      "page": "A4 portrait",
      "page_width_inches": 8.264583333333333,
      "page_height_inches": 11.694444444444445,
      "printable_width_inches": 6.2645833333333325,
      "printable_height_inches": 9.694444444444445,
      "first_node": 28,
      "last_node": 32,
      "displays": []
    },
    {
      "label": "Main Table 2",
      "page": "A4 landscape",
      "page_width_inches": 11.694444444444445,
      "page_height_inches": 8.264583333333333,
      "printable_width_inches": 10.794444444444444,
      "printable_height_inches": 7.164583333333333,
      "first_node": 33,
      "last_node": 34,
      "displays": [
        {
          "label": "Main Table 2, part 1 of 1",
          "width_inches": 10.55,
          "height_inches": 4.695987532808399
        }
      ]
    },
    {
      "label": "ordinary prose",
      "page": "A4 portrait",
      "page_width_inches": 8.264583333333333,
      "page_height_inches": 11.694444444444445,
      "printable_width_inches": 6.2645833333333325,
      "printable_height_inches": 9.694444444444445,
      "first_node": 35,
      "last_node": 50,
      "displays": [
        {
          "label": "Main Figure 2",
          "width_inches": 4.203571741032371,
          "height_inches": 5.35
        }
      ]
    },
    {
      "label": "Main Table 3",
      "page": "A3 portrait",
      "page_width_inches": 11.693055555555556,
      "page_height_inches": 16.53472222222222,
      "printable_width_inches": 10.793055555555556,
      "printable_height_inches": 15.434722222222222,
      "first_node": 51,
      "last_node": 55,
      "displays": [
        {
          "label": "Main Table 3, part 1 of 4",
          "width_inches": 10.55,
          "height_inches": 5.766119860017498
        },
        {
          "label": "Main Table 3, part 2 of 4",
          "width_inches": 10.55,
          "height_inches": 4.48375
        },
        {
          "label": "Main Table 3, part 3 of 4",
          "width_inches": 10.55,
          "height_inches": 5.356852580927384
        },
        {
          "label": "Main Table 3, part 4 of 4",
          "width_inches": 10.55,
          "height_inches": 6.366379046369204
        }
      ]
    },
    {
      "label": "ordinary prose",
      "page": "A4 portrait",
      "page_width_inches": 8.264583333333333,
      "page_height_inches": 11.694444444444445,
      "printable_width_inches": 6.2645833333333325,
      "printable_height_inches": 9.694444444444445,
      "first_node": 56,
      "last_node": 63,
      "displays": []
    },
    {
      "label": "Main Figure 3",
      "page": "A3 portrait",
      "page_width_inches": 11.693055555555556,
      "page_height_inches": 16.53472222222222,
      "printable_width_inches": 10.793055555555556,
      "printable_height_inches": 15.434722222222222,
      "first_node": 64,
      "last_node": 65,
      "displays": [
        {
          "label": "Main Figure 3",
          "width_inches": 8.563540026246718,
          "height_inches": 12.8
        }
      ]
    },
    {
      "label": "ordinary prose",
      "page": "A4 portrait",
      "page_width_inches": 8.264583333333333,
      "page_height_inches": 11.694444444444445,
      "printable_width_inches": 6.2645833333333325,
      "printable_height_inches": 9.694444444444445,
      "first_node": 66,
      "last_node": 493,
      "displays": []
    },
    {
      "label": "Supplementary Tables S1-S1",
      "page": "A3 portrait",
      "page_width_inches": 11.693055555555556,
      "page_height_inches": 16.53472222222222,
      "printable_width_inches": 10.793055555555556,
      "printable_height_inches": 15.434722222222222,
      "first_node": 494,
      "last_node": 504,
      "displays": [
        {
          "label": "Supplementary Table S1, part 1 of 1",
          "width_inches": 10.55,
          "height_inches": 7.417968066491689
        }
      ]
    },
    {
      "label": "Supplementary Tables S2-S2",
      "page": "A3 landscape",
      "page_width_inches": 16.53472222222222,
      "page_height_inches": 11.693055555555556,
      "printable_width_inches": 15.634722222222221,
      "printable_height_inches": 10.593055555555557,
      "first_node": 505,
      "last_node": 513,
      "displays": [
        {
          "label": "Supplementary Table S2, part 1 of 3",
          "width_inches": 15.55,
          "height_inches": 6.658934820647419
        },
        {
          "label": "Supplementary Table S2, part 2 of 3",
          "width_inches": 15.55,
          "height_inches": 5.515820209973754
        },
        {
          "label": "Supplementary Table S2, part 3 of 3",
          "width_inches": 15.55,
          "height_inches": 5.590258092738408
        }
      ]
    },
    {
      "label": "Supplementary Tables S3-S3",
      "page": "A3 portrait",
      "page_width_inches": 11.693055555555556,
      "page_height_inches": 16.53472222222222,
      "printable_width_inches": 10.793055555555556,
      "printable_height_inches": 15.434722222222222,
      "first_node": 514,
      "last_node": 517,
      "displays": [
        {
          "label": "Supplementary Table S3, part 1 of 1",
          "width_inches": 10.55,
          "height_inches": 7.673587051618548
        }
      ]
    },
    {
      "label": "ordinary prose",
      "page": "A4 portrait",
      "page_width_inches": 8.264583333333333,
      "page_height_inches": 11.694444444444445,
      "printable_width_inches": 6.2645833333333325,
      "printable_height_inches": 9.694444444444445,
      "first_node": 518,
      "last_node": 557,
      "displays": [
        {
          "label": "Supplementary Figure S1",
          "width_inches": 5.75,
          "height_inches": 5.75
        },
        {
          "label": "Supplementary Figure S2",
          "width_inches": 6.25,
          "height_inches": 5.62498687664042
        },
        {
          "label": "Supplementary Figure S3",
          "width_inches": 4.4,
          "height_inches": 4.4
        },
        {
          "label": "Supplementary Figure S4",
          "width_inches": 6.25,
          "height_inches": 3.676408573928259
        },
        {
          "label": "Supplementary Figure S5A",
          "width_inches": 5.986945538057743,
          "height_inches": 8.1
        },
        {
          "label": "Supplementary Figure S5B",
          "width_inches": 5.986945538057743,
          "height_inches": 8.1
        }
      ]
    },
    {
      "label": "Supplementary Tables S4-S4",
      "page": "A4 landscape",
      "page_width_inches": 11.694444444444445,
      "page_height_inches": 8.264583333333333,
      "printable_width_inches": 10.794444444444444,
      "printable_height_inches": 7.164583333333333,
      "first_node": 558,
      "last_node": 562,
      "displays": [
        {
          "label": "Supplementary Table S4, part 1 of 2",
          "width_inches": 10.55,
          "height_inches": 5.1810126859142605
        },
        {
          "label": "Supplementary Table S4, part 2 of 2",
          "width_inches": 10.55,
          "height_inches": 5.603952318460192
        }
      ]
    },
    {
      "label": "ordinary prose",
      "page": "A4 portrait",
      "page_width_inches": 8.264583333333333,
      "page_height_inches": 11.694444444444445,
      "printable_width_inches": 6.2645833333333325,
      "printable_height_inches": 9.694444444444445,
      "first_node": 563,
      "last_node": 572,
      "displays": [
        {
          "label": "Supplementary Figure S6",
          "width_inches": 6.25,
          "height_inches": 4.008151793525809
        }
      ]
    },
    {
      "label": "Supplementary Tables S5-S6",
      "page": "A4 landscape",
      "page_width_inches": 11.694444444444445,
      "page_height_inches": 8.264583333333333,
      "printable_width_inches": 10.794444444444444,
      "printable_height_inches": 7.164583333333333,
      "first_node": 573,
      "last_node": 585,
      "displays": [
        {
          "label": "Supplementary Table S5, part 1 of 1",
          "width_inches": 10.55,
          "height_inches": 4.631707130358705
        },
        {
          "label": "Supplementary Table S6, part 1 of 1",
          "width_inches": 10.55,
          "height_inches": 4.631707130358705
        }
      ]
    },
    {
      "label": "ordinary prose",
      "page": "A4 portrait",
      "page_width_inches": 8.264583333333333,
      "page_height_inches": 11.694444444444445,
      "printable_width_inches": 6.2645833333333325,
      "printable_height_inches": 9.694444444444445,
      "first_node": 586,
      "last_node": 595,
      "displays": [
        {
          "label": "Supplementary Figure S7A",
          "width_inches": 6.25,
          "height_inches": 4.404761592300963
        }
      ]
    },
    {
      "label": "Supplementary Figure S7B",
      "page": "A3 portrait",
      "page_width_inches": 11.693055555555556,
      "page_height_inches": 16.53472222222222,
      "printable_width_inches": 10.793055555555556,
      "printable_height_inches": 15.434722222222222,
      "first_node": 596,
      "last_node": 599,
      "displays": [
        {
          "label": "Supplementary Figure S7B",
          "width_inches": 6.85,
          "height_inches": 13.7
        }
      ]
    },
    {
      "label": "Supplementary Tables S7-S7",
      "page": "A4 landscape",
      "page_width_inches": 11.694444444444445,
      "page_height_inches": 8.264583333333333,
      "printable_width_inches": 10.794444444444444,
      "printable_height_inches": 7.164583333333333,
      "first_node": 600,
      "last_node": 609,
      "displays": [
        {
          "label": "Supplementary Table S7, part 1 of 4",
          "width_inches": 10.55,
          "height_inches": 6.052120516185477
        },
        {
          "label": "Supplementary Table S7, part 2 of 4",
          "width_inches": 10.55,
          "height_inches": 5.946149387576553
        },
        {
          "label": "Supplementary Table S7, part 3 of 4",
          "width_inches": 10.55,
          "height_inches": 4.269397419072616
        },
        {
          "label": "Supplementary Table S7, part 4 of 4",
          "width_inches": 10.55,
          "height_inches": 3.610757874015748
        }
      ]
    },
    {
      "label": "Supplementary Tables S8-S8",
      "page": "A3 portrait",
      "page_width_inches": 11.693055555555556,
      "page_height_inches": 16.53472222222222,
      "printable_width_inches": 10.793055555555556,
      "printable_height_inches": 15.434722222222222,
      "first_node": 610,
      "last_node": 617,
      "displays": [
        {
          "label": "Supplementary Table S8, part 1 of 1",
          "width_inches": 10.55,
          "height_inches": 7.056855861767279
        }
      ]
    },
    {
      "label": "Supplementary Figure S8",
      "page": "A3 portrait",
      "page_width_inches": 11.693055555555556,
      "page_height_inches": 16.53472222222222,
      "printable_width_inches": 10.793055555555556,
      "printable_height_inches": 15.434722222222222,
      "first_node": 618,
      "last_node": 625,
      "displays": [
        {
          "label": "Supplementary Figure S8, panels A-C",
          "width_inches": 10.55,
          "height_inches": 6.966334208223972
        },
        {
          "label": "Supplementary Figure S8, panel D",
          "width_inches": 10.55,
          "height_inches": 9.500594925634296
        }
      ]
    },
    {
      "label": "ordinary prose",
      "page": "A4 portrait",
      "page_width_inches": 8.264583333333333,
      "page_height_inches": 11.694444444444445,
      "printable_width_inches": 6.2645833333333325,
      "printable_height_inches": 9.694444444444445,
      "first_node": 626,
      "last_node": 654,
      "displays": [
        {
          "label": "Supplementary Figure S9",
          "width_inches": 6.25,
          "height_inches": 4.411794619422572
        },
        {
          "label": "Supplementary Figure S10",
          "width_inches": 4.43660542432196,
          "height_inches": 5.35
        },
        {
          "label": "Supplementary Figure S11",
          "width_inches": 4.43660542432196,
          "height_inches": 5.35
        },
        {
          "label": "Supplementary Figure S12",
          "width_inches": 6.25,
          "height_inches": 4.9632688101487314
        }
      ]
    },
    {
      "label": "Supplementary Tables S9-S9",
      "page": "A4 landscape",
      "page_width_inches": 11.694444444444445,
      "page_height_inches": 8.264583333333333,
      "printable_width_inches": 10.794444444444444,
      "printable_height_inches": 7.164583333333333,
      "first_node": 655,
      "last_node": 662,
      "displays": [
        {
          "label": "Supplementary Table S9, part 1 of 1",
          "width_inches": 10.55,
          "height_inches": 2.128817804024497
        }
      ]
    },
    {
      "label": "Supplementary Tables S10-S10",
      "page": "A3 portrait",
      "page_width_inches": 11.693055555555556,
      "page_height_inches": 16.53472222222222,
      "printable_width_inches": 10.793055555555556,
      "printable_height_inches": 15.434722222222222,
      "first_node": 663,
      "last_node": 669,
      "displays": [
        {
          "label": "Supplementary Table S10, part 1 of 2",
          "width_inches": 10.55,
          "height_inches": 5.753484251968504
        },
        {
          "label": "Supplementary Table S10, part 2 of 2",
          "width_inches": 10.55,
          "height_inches": 5.905199037620298
        }
      ]
    },
    {
      "label": "ordinary prose",
      "page": "A4 portrait",
      "page_width_inches": 8.264583333333333,
      "page_height_inches": 11.694444444444445,
      "printable_width_inches": 6.2645833333333325,
      "printable_height_inches": 9.694444444444445,
      "first_node": 670,
      "last_node": 677,
      "displays": [
        {
          "label": "Supplementary Figure S13",
          "width_inches": 5.25,
          "height_inches": 5.25
        }
      ]
    },
    {
      "label": "Later supplementary table block 1",
      "page": "A4 landscape",
      "page_width_inches": 11.694444444444445,
      "page_height_inches": 8.264583333333333,
      "printable_width_inches": 10.794444444444444,
      "printable_height_inches": 7.164583333333333,
      "first_node": 678,
      "last_node": 682,
      "displays": [
        {
          "label": "Supplementary Table S11, part 1 of 1",
          "width_inches": 9.944444444444445,
          "height_inches": 6.2
        },
        {
          "label": "Supplementary Table S11, part 1 of 1",
          "width_inches": 10.55,
          "height_inches": 5.481283902012248
        }
      ]
    },
    {
      "label": "ordinary prose",
      "page": "A4 portrait",
      "page_width_inches": 8.264583333333333,
      "page_height_inches": 11.694444444444445,
      "printable_width_inches": 6.2645833333333325,
      "printable_height_inches": 9.694444444444445,
      "first_node": 683,
      "last_node": 690,
      "displays": [
        {
          "label": "Supplementary Figure S14",
          "width_inches": 6.25,
          "height_inches": 4.99997375328084
        }
      ]
    },
    {
      "label": "Later supplementary table block 2",
      "page": "A4 landscape",
      "page_width_inches": 11.694444444444445,
      "page_height_inches": 8.264583333333333,
      "printable_width_inches": 10.794444444444444,
      "printable_height_inches": 7.164583333333333,
      "first_node": 691,
      "last_node": 692,
      "displays": [
        {
          "label": "Supplementary Table S12, part 1 of 1",
          "width_inches": 10.55,
          "height_inches": 5.692530621172353
        }
      ]
    },
    {
      "label": "ordinary prose",
      "page": "A4 portrait",
      "page_width_inches": 8.264583333333333,
      "page_height_inches": 11.694444444444445,
      "printable_width_inches": 6.2645833333333325,
      "printable_height_inches": 9.694444444444445,
      "first_node": 693,
      "last_node": 702,
      "displays": [
        {
          "label": "Supplementary Figure S15A",
          "width_inches": 6.25,
          "height_inches": 3.869047462817148
        },
        {
          "label": "Supplementary Figure S15B",
          "width_inches": 6.25,
          "height_inches": 5.059523184601924
        }
      ]
    },
    {
      "label": "Later supplementary table block 3",
      "page": "A4 landscape",
      "page_width_inches": 11.694444444444445,
      "page_height_inches": 8.264583333333333,
      "printable_width_inches": 10.794444444444444,
      "printable_height_inches": 7.164583333333333,
      "first_node": 703,
      "last_node": 707,
      "displays": [
        {
          "label": "Supplementary Table S13, part 1 of 1",
          "width_inches": 10.55,
          "height_inches": 5.621961942257218
        }
      ]
    },
    {
      "label": "Supplementary Figure S16",
      "page": "A3 portrait",
      "page_width_inches": 11.693055555555556,
      "page_height_inches": 16.53472222222222,
      "printable_width_inches": 10.793055555555556,
      "printable_height_inches": 15.434722222222222,
      "first_node": 708,
      "last_node": 712,
      "displays": [
        {
          "label": "Supplementary Figure S16",
          "width_inches": 9.255383858267717,
          "height_inches": 12.8
        }
      ]
    },
    {
      "label": "Later supplementary table block 4",
      "page": "A4 landscape",
      "page_width_inches": 11.694444444444445,
      "page_height_inches": 8.264583333333333,
      "printable_width_inches": 10.794444444444444,
      "printable_height_inches": 7.164583333333333,
      "first_node": 713,
      "last_node": 714,
      "displays": [
        {
          "label": "Supplementary Table S14, part 1 of 1",
          "width_inches": 10.367969160104987,
          "height_inches": 6.2
        }
      ]
    },
    {
      "label": "ordinary prose",
      "page": "A4 portrait",
      "page_width_inches": 8.264583333333333,
      "page_height_inches": 11.694444444444445,
      "printable_width_inches": 6.2645833333333325,
      "printable_height_inches": 9.694444444444445,
      "first_node": 715,
      "last_node": 722,
      "displays": [
        {
          "label": "Supplementary Figure S17",
          "width_inches": 4.629545056867891,
          "height_inches": 4.849998906386702
        }
      ]
    },
    {
      "label": "Later supplementary table block 5",
      "page": "A4 landscape",
      "page_width_inches": 11.694444444444445,
      "page_height_inches": 8.264583333333333,
      "printable_width_inches": 10.794444444444444,
      "printable_height_inches": 7.164583333333333,
      "first_node": 723,
      "last_node": 724,
      "displays": [
        {
          "label": "Supplementary Table S15, part 1 of 1",
          "width_inches": 10.55,
          "height_inches": 2.7225798337707787
        }
      ]
    },
    {
      "label": "ordinary prose",
      "page": "A4 portrait",
      "page_width_inches": 8.264583333333333,
      "page_height_inches": 11.694444444444445,
      "printable_width_inches": 6.2645833333333325,
      "printable_height_inches": 9.694444444444445,
      "first_node": 725,
      "last_node": 732,
      "displays": []
    }
  ],
  "top_level_tables": 0,
  "inline_shapes": 54
}
