{
  "status": "Static packaging candidate; no Quarto or Pandoc execution",
  "input_sha256": "0488130aba3ef7b043c743ee879d6e88f9c2ece8ae3c0c2eba89d90e116ea510",
  "output_sha256": "752ee27291e7970d28fc369c1ad3c396dc8894f483aa9864e65b9edea638df17",
  "colgroups": [
    {
      "endpoint": "nh_table2_primary",
      "widths": [
        176,
        254,
        230,
        180,
        180,
        200,
        100
      ],
      "payload": "<colgroup><col style=\"width: 176px;\"><col style=\"width: 254px;\"><col style=\"width: 230px;\"><col style=\"width: 180px;\"><col style=\"width: 180px;\"><col style=\"width: 200px;\"><col style=\"width: 100px;\"></colgroup>"
    },
    {
      "endpoint": "near-eye-metric-summary",
      "widths": [
        210,
        86,
        138,
        146,
        146,
        154,
        138,
        146,
        138,
        146,
        138,
        130,
        120,
        252
      ],
      "payload": "<colgroup><col style=\"width: 210px;\"><col style=\"width: 86px;\"><col style=\"width: 138px;\"><col style=\"width: 146px;\"><col style=\"width: 146px;\"><col style=\"width: 154px;\"><col style=\"width: 138px;\"><col style=\"width: 146px;\"><col style=\"width: 138px;\"><col style=\"width: 146px;\"><col style=\"width: 138px;\"><col style=\"width: 130px;\"><col style=\"width: 120px;\"><col style=\"width: 252px;\"></colgroup>"
    }
  ],
  "s15b_old_sha256": "c937252509c5de9448944358a9846842c973bac26b0f0fb4640728fcf8a908b3",
  "s15b_new_sha256": "0a3d0cabcd6cdb67db072cfa566448a885a774db519bea442a973896a7d616e8",
  "all_other_bytes_reverse_exactly": true,
  "table_count": 19,
  "targeted_cells": 413
}
