ERROR: unable to open database file

Stack trace:
    at async Object.openKv (ext:deno_kv/01_db.ts:10:15)
    at async sassCache (file:///Applications/quarto/bin/quarto.js:79982:16)
    at async compileWithCache (file:///Applications/quarto/bin/quarto.js:87612:20)
    at async compileSass (file:///Applications/quarto/bin/quarto.js:87429:19)
    at async resolveQuartoSyntaxHighlighting (file:///Applications/quarto/bin/quarto.js:125314:32)
    at async resolveSassBundles (file:///Applications/quarto/bin/quarto.js:125235:12)
    at async resolveExtras (file:///Applications/quarto/bin/quarto.js:129822:14)
    at async runPandoc (file:///Applications/quarto/bin/quarto.js:129246:20)
    at async renderPandoc (file:///Applications/quarto/bin/quarto.js:130931:24)
    at async Object.onRender (file:///Applications/quarto/bin/quarto.js:136874:30)
    at async renderFileInternal (file:///Applications/quarto/bin/quarto.js:136851:9)
    at async renderFiles (file:///Applications/quarto/bin/quarto.js:136582:9)
    at async renderProject (file:///Applications/quarto/bin/quarto.js:137151:23)
    at async _Command.actionHandler (file:///Applications/quarto/bin/quarto.js:142481:24)
    at async _Command.execute (file:///Applications/quarto/bin/quarto.js:102102:7)
    at async _Command.parseCommand (file:///Applications/quarto/bin/quarto.js:101979:14)
    at async quarto4 (file:///Applications/quarto/bin/quarto.js:187653:5)
    at async file:///Applications/quarto/bin/quarto.js:187681:5
    at async file:///Applications/quarto/bin/quarto.js:187536:14
    at async mainRunner (file:///Applications/quarto/bin/quarto.js:187538:5)
    at async file:///Applications/quarto/bin/quarto.js:187674:3
