CHEST_CONSTRUCTION_AUDIT=PASS checks=13 payloads=8 retained_sites=8 support_cells=32 fits=0 draws=0
     site original_coverage_rows original_finite_rows candidate_windows
1    RISE                 197220               133942               196
2   THUAS                 179940               129108               166
3    BAUA                 234720               159074               218
4     MPI                      0                    0                 0
5     TUM                 115200                82452               120
6 FUSPCEU                 250680               173415               236
7  IZTECH                 201600               142284               236
8     UCR                 449280               318331               450
9   KNUST                 169920               114899               174
  eligible_windows excluded_no_valid excluded_date_gap excluded_day_type
1              182                14                 0                 0
2              152                14                 0                 0
3              199                19                 0                 0
4                0                 0                 0                 0
5              118                 2                 0                 0
6              221                15                 0                 0
7              210                26                 0                 0
8              439                11                 0                 0
9              168                 6                 0                 0
  model_rows model_participants
1        182                 16
2        152                 14
3        199                 20
4          0                  0
5        118                 10
6        221                 22
7        210                 17
8        439                 39
9        168                 15
   sample state_rows participants cycles sites valid_minutes
1 B_chest       1689          153    861     8        761671
  complete_two_window_cycles sleep_estimates pooled_placement_analysis
1                        828               0                     FALSE
