14/Sep/2026 15:03:45 "GET /index.html HTTP/1.1" 200 -
14/Sep/2026 15:03:45 "GET /site_libs/quarto-nav/quarto-nav.js HTTP/1.1" 200 -
14/Sep/2026 15:03:45 "GET /site_libs/quarto-nav/headroom.min.js HTTP/1.1" 200 -
14/Sep/2026 15:03:45 "GET /site_libs/quarto-html/tippy.css HTTP/1.1" 200 -
14/Sep/2026 15:03:45 "GET /site_libs/quarto-search/fuse.min.js HTTP/1.1" 200 -
14/Sep/2026 15:03:45 "GET /site_libs/quarto-search/autocomplete.umd.js HTTP/1.1" 200 -
14/Sep/2026 15:03:45 "GET /site_libs/clipboard/clipboard.min.js HTTP/1.1" 200 -
14/Sep/2026 15:03:45 "GET /site_libs/quarto-html/quarto-syntax-highlighting-7f8f88aac4f3542376d5c11b86a4c14d.css HTTP/1.1" 200 -
14/Sep/2026 15:03:45 "GET /site_libs/bootstrap/bootstrap-972c31c23100bce3c5dc8576c7cea842.min.css HTTP/1.1" 200 -
14/Sep/2026 15:03:45 "GET /site_libs/bootstrap/bootstrap-icons.css HTTP/1.1" 200 -
14/Sep/2026 15:03:45 "GET /styles.css HTTP/1.1" 200 -
14/Sep/2026 15:03:45 "GET /styles-nathealth.css HTTP/1.1" 200 -
14/Sep/2026 15:03:45 "GET /site_libs/quarto-contrib/glightbox/lightbox.css HTTP/1.1" 200 -
14/Sep/2026 15:03:45 "GET /site_libs/quarto-contrib/glightbox/glightbox.min.css HTTP/1.1" 200 -
14/Sep/2026 15:03:45 "GET /site_libs/quarto-search/quarto-search.js HTTP/1.1" 200 -
14/Sep/2026 15:03:45 "GET /site_libs/quarto-html/quarto.js HTTP/1.1" 200 -
14/Sep/2026 15:03:45 "GET /site_libs/quarto-html/popper.min.js HTTP/1.1" 200 -
14/Sep/2026 15:03:45 "GET /site_libs/quarto-html/tippy.umd.min.js HTTP/1.1" 200 -
14/Sep/2026 15:03:45 "GET /site_libs/quarto-html/tabsets/tabsets.js HTTP/1.1" 200 -
14/Sep/2026 15:03:45 "GET /site_libs/quarto-html/anchor.min.js HTTP/1.1" 200 -
14/Sep/2026 15:03:45 "GET /site_libs/quarto-contrib/glightbox/glightbox.min.js HTTP/1.1" 200 -
14/Sep/2026 15:03:45 "GET /site_libs/bootstrap/bootstrap.min.js HTTP/1.1" 200 -
14/Sep/2026 15:03:45 "GET /site_libs/bootstrap/bootstrap-icons.woff?e34853135f9e39acf64315236852cd5a HTTP/1.1" 200 -
14/Sep/2026 15:03:46 code 404, message File not found
14/Sep/2026 15:03:46 "GET /favicon.ico HTTP/1.1" 404 -
14/Sep/2026 15:04:41 "GET /supplementary_information.html HTTP/1.1" 200 -
14/Sep/2026 15:04:42 "GET /site_libs/bootstrap/bootstrap-1b8143a5af30aa0587ead8c64582f750.min.css HTTP/1.1" 200 -
