

processing file: H09_analysis_preparation.qmd
1/47                                      
2/47 [setup-h09-preparation]              
3/47                                      
4/47 [unnamed-chunk-1]                    
5/47                                      
6/47 [tbl-h09-prep-input-identities]      
7/47                                      
8/47 [tbl-h09-prep-integrity-checks]      
9/47                                      
10/47 [tbl-h09-prep-score-audit]           
11/47                                      
12/47 [tbl-h09-prep-predictor-contract]    
13/47                                      
14/47 [tbl-h09-prep-metric-contract]       
15/47                                      
16/47 [tbl-h09-prep-primary-samples]       
17/47                                      
18/47 [fig-h09-prep-sample-support]        
19/47                                      
20/47 [tbl-h09-prep-common-samples]        
21/47                                      
22/47 [tbl-h09-prep-primary-formulas]      
23/47                                      
24/47 [tbl-h09-prep-sensitivity-formulas]  
25/47                                      
26/47 [tbl-h09-prep-families]              
27/47                                      
28/47 [tbl-h09-prep-diagnostic-summary]    
29/47                                      
30/47 [tbl-h09-prep-sensitivity-map]       
31/47                                      
32/47 [tbl-h09-prep-boundary]              
33/47                                      
34/47 [tbl-h09-prep-intermediate-artifacts]
35/47                                      
36/47 [tbl-h09-prep-code-map]              
37/47                                      
38/47 [tbl-h09-prep-script-map]            
39/47                                      
40/47 [tbl-h09-prep-reader-manifest-check] 
Error:
! all(manifest_check$Status == "PASS") is not TRUE
Backtrace:
    ▆
 1. └─base::stopifnot(all(manifest_check$Status == "PASS"))

Quitting from H09_analysis_preparation.qmd:1004-1048 [tbl-h09-prep-reader-manifest-check]
Execution halted
WARN: Error encountered when rendering files
