Warning: truncated output (original token count: 1405)
Total output lines: 177

pandoc 
  to: docx
  output-file: ZaunerEtAl2026_NatHealth_phase3_brown.docx
  default-image-extension: png
  toc: false
  number-sections: false
  reference-doc: resources/8c0cf634a495_reference.docx
  css:
    - resources/5974136901a8_manuscript_displays.css
    - order72k_layout.css
  variables: {}
  
metadata
  crossref:
    fig-title: Figure
    tbl-title: Table
  engines:
    - path: /Applications/quarto/share/extension-subtrees/julia-engine/_extensions/julia-engine/julia-engine.js
  title: The health-relevant architecture of the everyday light exposome
  author:
    - name: Johannes Zauner
      orcid: 0000-0003-2171-4566
      email: johannes.zauner@tum.de
      corresponding: true
      affiliations:
        - ref: tum
    - name: Altug Didikoglu
      orcid: 0000-0002-5582-6956
      affiliations:
        - ref: manchester
        - ref: iyte
    - name: Sam Aerts
      orcid: 0000-0002-7444-4312
      affiliations:
        - ref: thuas
    - name: Gabriel Kwaku Agbeshie
      orcid: 0009-0009-6135-7111
      affiliations:
        - ref: knust
    - name: Kwadwo Owusu Akuffo
      orcid: 0000-0001-6683-249X
      affiliations:
        - ref: knust
    - name: Sena Gulsum Akgun
      affiliations:
        - ref: iyte
    - name: Sema Nur Aydin
      affiliations:
        - ref: iyte
    - name: David Baeza Moyano
      orcid: 0000-0001-8395-9994
      affiliations:
        - ref: ceu
    - name: Daan Boesten
      affiliations:
        - ref: thuas
    - name: John F.B. Bolte
      orcid: 0000-0001-8301-5547
      affiliations:
        - ref: thuas
        - ref: rivm
    - name: Kai Broszio
      orcid: 0000-0002-8269-8654
      affiliations:
        - ref: baua
    - name: Guadalupe Cantarero García
      orcid: 0000-0003-3169-8547
      affiliations:
        - ref: ceu
    - name: Roberto Alonso González Lezcano
      orcid: 0000-0002-6185-4929
      affiliations:
        - ref: ceu
    - name: Carolina Guidolin
      orcid: 0009-0007-4959-2667
      a…405 tokens truncated…ology, and Gastroenterology, School of Medical Sciences, Faculty of Biology, Medicine and Health, The University of Manchester, Manchester, UK
    - id: iyte
      name: Faculty of Science, Department of Neuroscience, Izmir Institute of Technology, Izmir, Türkiye
    - id: thuas
      name: Smart Sensor Systems research group, The Hague University of Applied Sciences, Delft, The Netherlands
    - id: knust
      name: Department of Optometry and Visual Science, College of Science, Kwame Nkrumah University of Science and Technology, Kumasi, Ghana
    - id: ceu
      name: Fundación Universitaria CEU San Pablo, Boadilla del Monte, Madrid, Spain
    - id: rivm
      name: Centre for Sustainability, Environment and Health, National Institute for Public Health and the Environment (RIVM), Bilthoven, The Netherlands
    - id: baua
      name: Federal Institute for Occupational Safety and Health (BAuA), Dortmund, Germany
    - id: mpi
      name: Max Planck Institute for Biological Cybernetics, Max Planck Research Group Translational Sensory & Circadian Neuroscience, Tübingen, Germany
    - id: rise
      name: RISE Research Institutes of Sweden, Borås, Sweden
    - id: ucr
      name: School of Architecture, University of Costa Rica, San José, Costa Rica
    - id: hslu
      name: Lucerne University of Applied Sciences and Arts, Lucerne, Switzerland
    - id: tumias
      name: TUM Institute for Advanced Study (TUM-IAS), Technical University of Munich, Garching, Germany
    - id: tumcreate
      name: TUMCREATE Ltd., Singapore, Singapore
  date: '2026-08-21'
  lang: en-GB
  keywords:
    - ocular light exposure
    - melanopic equivalent daylight illuminance
    - wearable sensing
    - environmental health
    - exposome
    - non-communicable disease
    - circadian light
    - multicountry study
  bibliography:
    - resources/fa7454dedb2f_references_merged.bib
  csl: resources/15b1272a3c36_nature.csl
  link-citations: true
  reference-section-title: References
  
Error running filter /Applications/quarto/share/filters/main.lua:
[string "if pandoc.system.os == "mingw32" then..."]:301: module 'utils' not found:
	no field package.preload['utils']
	no file '/usr/local/share/lua/5.4/utils.lua'
	no file '/usr/local/share/lua/5.4/utils/init.lua'
	no file '/usr/local/lib/lua/5.4/utils.lua'
	no file '/usr/local/lib/lua/5.4/utils/init.lua'
	no file './utils.lua'
	no file './utils/init.lua'
	no file '/Applications/quarto/share/pandoc/datadir/utils.lua'
	no file '/Applications/quarto/share/pandoc/datadir/../../filters/utils.lua'
	no file '/Applications/quarto/share/filters/utils.lua'
	no file 'resources/utils.lua'
	no file ''
stack traceback:
	[string "if pandoc.system.os == "mingw32" then..."]:301: in function 'require'
	resources/d0b0874a22eb_authors-block.lua:22: in local 'chunk'
	/Applications/quarto/share/filters/main.lua:3808: in local 'callback'
	[string "if pandoc.system.os == "mingw32" then..."]:778: in function <[string "if pandoc.system.os == "mingw32" then..."]:776>
	(...tail calls...)
	/Applications/quarto/share/filters/main.lua:1113: in function 'inject_user_filters_at_entry_points'
	/Applications/quarto/share/filters/main.lua:26314: in main chunk
WARN: Error encountered when rendering files
