Warning: 4 external pointers will be removed
                                          check pass
1                   exact_OU_likelihood3_checks TRUE
2                       defensive_copy12_checks TRUE
3              shuffled_input_dates_and_Y_exact TRUE
4                      duplicate_dates_rejected TRUE
5                        missing_dates_rejected TRUE
6                        untyped_dates_rejected TRUE
7               gaps_not_compressed_visit_order TRUE
8                   BB_R0_all_random_components TRUE
9                      BB_R3_participant_and_OU TRUE
10                    nonstationary_OU_rejected TRUE
11             negative_cycle_variance_rejected TRUE
12         endpoint54_cell_grid_full_covariance TRUE
13                     endpoint15_30_quadrature TRUE
14                   three_equal_site_contrasts TRUE
15          negative_contrast_variance_rejected TRUE
16                     failed_model_status_only TRUE
17 endpoint_predictive_moments_match_likelihood TRUE
18                 BB_predictive_variance_exact TRUE
19                    nine_inert_export_targets TRUE
20              exact_optimizer_block_preserved TRUE
21         no_synthetic_file_or_model_promotion TRUE
Actual temporal input checks: 44 / 44 ; no fitting or draws.
TEMPORAL_TRANSPORT_INDEPENDENT=PASS synthetic=21 actual=44 likelihood=3 audit=16 fits=0 draws=0
