14/Sep/2026 13:24:54 "GET /index.html HTTP/1.1" 200 -
14/Sep/2026 13:24:54 "GET /site_libs/quarto-nav/quarto-nav.js HTTP/1.1" 200 -
14/Sep/2026 13:24:54 "GET /site_libs/quarto-nav/headroom.min.js HTTP/1.1" 200 -
14/Sep/2026 13:24:54 "GET /site_libs/clipboard/clipboard.min.js HTTP/1.1" 200 -
14/Sep/2026 13:24:54 "GET /site_libs/quarto-search/fuse.min.js HTTP/1.1" 200 -
14/Sep/2026 13:24:54 "GET /site_libs/quarto-search/autocomplete.umd.js HTTP/1.1" 200 -
14/Sep/2026 13:24:54 "GET /site_libs/bootstrap/bootstrap-icons.css HTTP/1.1" 200 -
14/Sep/2026 13:24:54 "GET /site_libs/quarto-html/quarto-syntax-highlighting-7f8f88aac4f3542376d5c11b86a4c14d.css HTTP/1.1" 200 -
14/Sep/2026 13:24:54 "GET /site_libs/quarto-html/tippy.css HTTP/1.1" 200 -
14/Sep/2026 13:24:54 "GET /site_libs/bootstrap/bootstrap-972c31c23100bce3c5dc8576c7cea842.min.css HTTP/1.1" 200 -
14/Sep/2026 13:24:54 "GET /site_libs/quarto-contrib/glightbox/glightbox.min.css HTTP/1.1" 200 -
14/Sep/2026 13:24:54 "GET /site_libs/quarto-contrib/glightbox/lightbox.css HTTP/1.1" 200 -
14/Sep/2026 13:24:54 "GET /styles.css HTTP/1.1" 200 -
14/Sep/2026 13:24:54 "GET /styles-nathealth.css HTTP/1.1" 200 -
14/Sep/2026 13:24:54 "GET /site_libs/quarto-html/quarto.js HTTP/1.1" 200 -
14/Sep/2026 13:24:54 "GET /site_libs/quarto-search/quarto-search.js HTTP/1.1" 200 -
14/Sep/2026 13:24:54 "GET /site_libs/quarto-html/tabsets/tabsets.js HTTP/1.1" 200 -
14/Sep/2026 13:24:54 "GET /site_libs/quarto-html/popper.min.js HTTP/1.1" 200 -
14/Sep/2026 13:24:54 "GET /site_libs/quarto-html/tippy.umd.min.js HTTP/1.1" 200 -
14/Sep/2026 13:24:54 "GET /site_libs/bootstrap/bootstrap.min.js HTTP/1.1" 200 -
14/Sep/2026 13:24:54 "GET /site_libs/quarto-html/anchor.min.js HTTP/1.1" 200 -
14/Sep/2026 13:24:54 "GET /site_libs/quarto-contrib/glightbox/glightbox.min.js HTTP/1.1" 200 -
14/Sep/2026 13:24:55 "GET /site_libs/bootstrap/bootstrap-icons.woff?e34853135f9e39acf64315236852cd5a HTTP/1.1" 200 -
14/Sep/2026 13:24:55 code 404, message File not found
14/Sep/2026 13:24:55 "GET /favicon.ico HTTP/1.1" 404 -
14/Sep/2026 13:28:54 "GET /supplementary_information.html HTTP/1.1" 200 -
14/Sep/2026 13:28:54 "GET /site_libs/bootstrap/bootstrap-1b8143a5af30aa0587ead8c64582f750.min.css HTTP/1.1" 200 -
14/Sep/2026 13:32:25 "GET /index.html HTTP/1.1" 200 -
14/Sep/2026 13:32:25 "GET /site_libs/quarto-search/autocomplete.umd.js HTTP/1.1" 200 -
14/Sep/2026 13:32:25 "GET /site_libs/quarto-nav/quarto-nav.js HTTP/1.1" 200 -
14/Sep/2026 13:32:25 "GET /site_libs/quarto-nav/headroom.min.js HTTP/1.1" 200 -
14/Sep/2026 13:32:25 "GET /site_libs/clipboard/clipboard.min.js HTTP/1.1" 200 -
14/Sep/2026 13:32:25 "GET /site_libs/quarto-search/fuse.min.js HTTP/1.1" 200 -
14/Sep/2026 13:32:25 "GET /site_libs/quarto-html/tippy.css HTTP/1.1" 200 -
14/Sep/2026 13:32:25 "GET /site_libs/quarto-html/quarto-syntax-highlighting-7f8f88aac4f3542376d5c11b86a4c14d.css HTTP/1.1" 200 -
14/Sep/2026 13:32:25 "GET /site_libs/bootstrap/bootstrap-icons.css HTTP/1.1" 200 -
14/Sep/2026 13:32:25 "GET /site_libs/bootstrap/bootstrap-972c31c23100bce3c5dc8576c7cea842.min.css HTTP/1.1" 200 -
14/Sep/2026 13:32:25 "GET /site_libs/quarto-contrib/glightbox/glightbox.min.css HTTP/1.1" 200 -
14/Sep/2026 13:32:25 "GET /styles-nathealth.css HTTP/1.1" 200 -
14/Sep/2026 13:32:25 "GET /site_libs/quarto-contrib/glightbox/lightbox.css HTTP/1.1" 200 -
14/Sep/2026 13:32:25 "GET /styles.css HTTP/1.1" 200 -
14/Sep/2026 13:32:25 "GET /site_libs/quarto-search/quarto-search.js HTTP/1.1" 200 -
14/Sep/2026 13:32:25 "GET /site_libs/quarto-html/popper.min.js HTTP/1.1" 200 -
14/Sep/2026 13:32:25 "GET /site_libs/quarto-html/quarto.js HTTP/1.1" 200 -
14/Sep/2026 13:32:25 "GET /site_libs/quarto-html/tabsets/tabsets.js HTTP/1.1" 200 -
14/Sep/2026 13:32:25 "GET /site_libs/quarto-html/tippy.umd.min.js HTTP/1.1" 200 -
14/Sep/2026 13:32:25 "GET /site_libs/quarto-html/anchor.min.js HTTP/1.1" 200 -
14/Sep/2026 13:32:25 "GET /site_libs/bootstrap/bootstrap.min.js HTTP/1.1" 200 -
14/Sep/2026 13:32:25 "GET /site_libs/quarto-contrib/glightbox/glightbox.min.js HTTP/1.1" 200 -
14/Sep/2026 13:32:25 "GET /site_libs/bootstrap/bootstrap-icons.woff?e34853135f9e39acf64315236852cd5a HTTP/1.1" 200 -
14/Sep/2026 13:32:26 code 404, message File not found
14/Sep/2026 13:32:26 "GET /favicon.ico HTTP/1.1" 404 -
14/Sep/2026 13:42:50 "GET /index.html HTTP/1.1" 304 -
14/Sep/2026 13:44:08 "GET / HTTP/1.1" 200 -
14/Sep/2026 13:44:09 "GET /index.html HTTP/1.1" 304 -
14/Sep/2026 13:44:38 "GET /search.json HTTP/1.1" 200 -
14/Sep/2026 13:44:55 "GET /index.html?q=recommendation%20adherence HTTP/1.1" 200 -
14/Sep/2026 13:49:34 "GET /supplementary_information.html HTTP/1.1" 200 -
14/Sep/2026 13:49:34 "GET /site_libs/bootstrap/bootstrap-1b8143a5af30aa0587ead8c64582f750.min.css HTTP/1.1" 200 -
14/Sep/2026 13:50:53 "HEAD /ZaunerEtAl2026_NatHealth_phase3_brown.docx HTTP/1.1" 200 -
14/Sep/2026 13:50:53 "GET /ZaunerEtAl2026_NatHealth_phase3_brown.docx HTTP/1.1" 200 -
14/Sep/2026 13:50:53 "HEAD /editable_tables/Table_1.docx HTTP/1.1" 200 -
14/Sep/2026 13:50:53 "GET /editable_tables/Table_1.docx HTTP/1.1" 200 -
14/Sep/2026 13:50:53 "HEAD /editable_tables/Table_2.docx HTTP/1.1" 200 -
14/Sep/2026 13:50:53 "GET /editable_tables/Table_2.docx HTTP/1.1" 200 -
14/Sep/2026 13:50:53 "HEAD /editable_tables/Table_3.docx HTTP/1.1" 200 -
14/Sep/2026 13:50:53 "GET /editable_tables/Table_3.docx HTTP/1.1" 200 -
14/Sep/2026 13:50:53 "HEAD /editable_tables/Table_S1.docx HTTP/1.1" 200 -
14/Sep/2026 13:50:53 "GET /editable_tables/Table_S1.docx HTTP/1.1" 200 -
14/Sep/2026 13:50:53 "HEAD /editable_tables/Table_S2.docx HTTP/1.1" 200 -
14/Sep/2026 13:50:53 "GET /editable_tables/Table_S2.docx HTTP/1.1" 200 -
14/Sep/2026 13:50:53 "HEAD /editable_tables/Table_S3.docx HTTP/1.1" 200 -
14/Sep/2026 13:50:53 "GET /editable_tables/Table_S3.docx HTTP/1.1" 200 -
14/Sep/2026 13:50:53 "HEAD /editable_tables/Table_S4.docx HTTP/1.1" 200 -
14/Sep/2026 13:50:53 "GET /editable_tables/Table_S4.docx HTTP/1.1" 200 -
14/Sep/2026 13:50:53 "HEAD /editable_tables/Table_S5.docx HTTP/1.1" 200 -
14/Sep/2026 13:50:53 "GET /editable_tables/Table_S5.docx HTTP/1.1" 200 -
14/Sep/2026 13:50:53 "HEAD /editable_tables/Table_S6.docx HTTP/1.1" 200 -
14/Sep/2026 13:50:53 "GET /editable_tables/Table_S6.docx HTTP/1.1" 200 -
14/Sep/2026 13:50:53 "HEAD /editable_tables/Table_S7.docx HTTP/1.1" 200 -
14/Sep/2026 13:50:53 "GET /editable_tables/Table_S7.docx HTTP/1.1" 200 -
14/Sep/2026 13:50:53 "HEAD /editable_tables/Table_S8.docx HTTP/1.1" 200 -
14/Sep/2026 13:50:53 "GET /editable_tables/Table_S8.docx HTTP/1.1" 200 -
14/Sep/2026 13:50:53 "HEAD /editable_tables/Table_S9.docx HTTP/1.1" 200 -
14/Sep/2026 13:50:53 "GET /editable_tables/Table_S9.docx HTTP/1.1" 200 -
14/Sep/2026 13:50:53 "HEAD /editable_tables/Table_S10.docx HTTP/1.1" 200 -
14/Sep/2026 13:50:53 "GET /editable_tables/Table_S10.docx HTTP/1.1" 200 -
14/Sep/2026 13:50:53 "HEAD /editable_tables/Table_S11a.docx HTTP/1.1" 200 -
14/Sep/2026 13:50:53 "GET /editable_tables/Table_S11a.docx HTTP/1.1" 200 -
14/Sep/2026 13:50:53 "HEAD /editable_tables/Table_S11b.docx HTTP/1.1" 200 -
14/Sep/2026 13:50:53 "GET /editable_tables/Table_S11b.docx HTTP/1.1" 200 -
14/Sep/2026 13:50:53 "HEAD /editable_tables/Table_S12.docx HTTP/1.1" 200 -
14/Sep/2026 13:50:53 "GET /editable_tables/Table_S12.docx HTTP/1.1" 200 -
14/Sep/2026 13:50:53 "HEAD /editable_tables/Table_S13.docx HTTP/1.1" 200 -
14/Sep/2026 13:50:53 "GET /editable_tables/Table_S13.docx HTTP/1.1" 200 -
14/Sep/2026 13:50:53 "HEAD /editable_tables/Table_S14.docx HTTP/1.1" 200 -
14/Sep/2026 13:50:53 "GET /editable_tables/Table_S14.docx HTTP/1.1" 200 -
14/Sep/2026 13:50:53 "HEAD /editable_tables/Table_S15.docx HTTP/1.1" 200 -
14/Sep/2026 13:50:53 "GET /editable_tables/Table_S15.docx HTTP/1.1" 200 -
14/Sep/2026 13:50:53 "HEAD /manuscript_changes.csv HTTP/1.1" 200 -
14/Sep/2026 13:50:53 "GET /manuscript_changes.csv HTTP/1.1" 200 -
14/Sep/2026 13:50:53 "HEAD /manuscript_changes.md HTTP/1.1" 200 -
14/Sep/2026 13:50:53 "GET /manuscript_changes.md HTTP/1.1" 200 -
14/Sep/2026 14:02:17 "GET /supplementary_information.html HTTP/1.1" 304 -
14/Sep/2026 14:05:24 "GET /supplementary_information.html HTTP/1.1" 304 -
14/Sep/2026 14:22:30 "GET /index.html HTTP/1.1" 304 -
14/Sep/2026 14:26:03 "GET /supplementary_information.html HTTP/1.1" 304 -
14/Sep/2026 14:39:46 "GET /supplementary_information.html HTTP/1.1" 304 -
14/Sep/2026 14:40:13 "GET /notebooks/preparation/01_import_state_alignment.html HTTP/1.1" 200 -
14/Sep/2026 14:40:13 "GET /site_libs/quarto-diagram/mermaid.min.js HTTP/1.1" 200 -
14/Sep/2026 14:40:13 "GET /site_libs/quarto-diagram/mermaid.css HTTP/1.1" 200 -
14/Sep/2026 14:40:13 "GET /site_libs/quarto-diagram/mermaid-init.js HTTP/1.1" 200 -
14/Sep/2026 14:40:14 "GET /notebooks/preparation/01_import_state_alignment.html HTTP/1.1" 304 -
14/Sep/2026 14:40:33 "GET /notebooks/hypotheses/H06.html HTTP/1.1" 200 -
14/Sep/2026 14:41:56 "GET /index.html HTTP/1.1" 304 -
14/Sep/2026 14:42:40 "GET /search.json HTTP/1.1" 304 -
14/Sep/2026 14:43:08 "GET /index.html?q=recommendation%20adherence HTTP/1.1" 304 -
