14/Sep/2026 17:07:45 "GET /index.html HTTP/1.1" 200 -
14/Sep/2026 17:07:45 "GET /site_libs/quarto-nav/headroom.min.js HTTP/1.1" 200 -
14/Sep/2026 17:07:45 "GET /site_libs/quarto-search/fuse.min.js HTTP/1.1" 200 -
14/Sep/2026 17:07:45 "GET /site_libs/quarto-nav/quarto-nav.js HTTP/1.1" 200 -
14/Sep/2026 17:07:45 "GET /site_libs/quarto-search/autocomplete.umd.js HTTP/1.1" 200 -
14/Sep/2026 17:07:45 "GET /site_libs/clipboard/clipboard.min.js HTTP/1.1" 200 -
14/Sep/2026 17:07:45 "GET /site_libs/quarto-html/tippy.css HTTP/1.1" 200 -
14/Sep/2026 17:07:45 "GET /site_libs/quarto-html/quarto-syntax-highlighting-7f8f88aac4f3542376d5c11b86a4c14d.css HTTP/1.1" 200 -
14/Sep/2026 17:07:45 "GET /site_libs/bootstrap/bootstrap-972c31c23100bce3c5dc8576c7cea842.min.css HTTP/1.1" 200 -
14/Sep/2026 17:07:45 "GET /site_libs/bootstrap/bootstrap-icons.css HTTP/1.1" 200 -
14/Sep/2026 17:07:45 "GET /site_libs/quarto-contrib/glightbox/glightbox.min.css HTTP/1.1" 200 -
14/Sep/2026 17:07:45 "GET /site_libs/quarto-contrib/glightbox/lightbox.css HTTP/1.1" 200 -
14/Sep/2026 17:07:45 "GET /styles.css HTTP/1.1" 200 -
14/Sep/2026 17:07:45 "GET /styles-nathealth.css HTTP/1.1" 200 -
14/Sep/2026 17:07:45 "GET /site_libs/quarto-search/quarto-search.js HTTP/1.1" 200 -
14/Sep/2026 17:07:45 "GET /site_libs/quarto-html/tabsets/tabsets.js HTTP/1.1" 200 -
14/Sep/2026 17:07:45 "GET /site_libs/quarto-html/quarto.js HTTP/1.1" 200 -
14/Sep/2026 17:07:45 "GET /site_libs/quarto-html/popper.min.js HTTP/1.1" 200 -
14/Sep/2026 17:07:45 "GET /site_libs/quarto-html/tippy.umd.min.js HTTP/1.1" 200 -
14/Sep/2026 17:07:45 "GET /site_libs/quarto-html/anchor.min.js HTTP/1.1" 200 -
14/Sep/2026 17:07:45 "GET /site_libs/bootstrap/bootstrap.min.js HTTP/1.1" 200 -
14/Sep/2026 17:07:45 "GET /site_libs/quarto-contrib/glightbox/glightbox.min.js HTTP/1.1" 200 -
14/Sep/2026 17:07:45 "GET /site_libs/bootstrap/bootstrap-icons.woff?e34853135f9e39acf64315236852cd5a HTTP/1.1" 200 -
14/Sep/2026 17:07:46 code 404, message File not found
14/Sep/2026 17:07:46 "GET /favicon.ico HTTP/1.1" 404 -
14/Sep/2026 17:09:47 "GET / HTTP/1.1" 200 -
14/Sep/2026 17:11:23 "GET /index.html HTTP/1.1" 304 -
14/Sep/2026 17:18:02 "GET / HTTP/1.1" 304 -
14/Sep/2026 17:20:13 "HEAD /ZaunerEtAl2026_NatHealth_phase3_brown.docx HTTP/1.1" 200 -
14/Sep/2026 17:20:13 "GET /ZaunerEtAl2026_NatHealth_phase3_brown.docx HTTP/1.1" 200 -
14/Sep/2026 17:20:13 "HEAD /editable_tables/Table_1.docx HTTP/1.1" 200 -
14/Sep/2026 17:20:13 "GET /editable_tables/Table_1.docx HTTP/1.1" 200 -
14/Sep/2026 17:20:13 "HEAD /editable_tables/Table_2.docx HTTP/1.1" 200 -
14/Sep/2026 17:20:13 "GET /editable_tables/Table_2.docx HTTP/1.1" 200 -
14/Sep/2026 17:20:13 "HEAD /editable_tables/Table_3.docx HTTP/1.1" 200 -
14/Sep/2026 17:20:13 "GET /editable_tables/Table_3.docx HTTP/1.1" 200 -
14/Sep/2026 17:20:13 "HEAD /editable_tables/Table_S1.docx HTTP/1.1" 200 -
14/Sep/2026 17:20:13 "GET /editable_tables/Table_S1.docx HTTP/1.1" 200 -
14/Sep/2026 17:20:13 "HEAD /editable_tables/Table_S10.docx HTTP/1.1" 200 -
14/Sep/2026 17:20:13 "GET /editable_tables/Table_S10.docx HTTP/1.1" 200 -
14/Sep/2026 17:20:13 "HEAD /editable_tables/Table_S11a.docx HTTP/1.1" 200 -
14/Sep/2026 17:20:13 "GET /editable_tables/Table_S11a.docx HTTP/1.1" 200 -
14/Sep/2026 17:20:13 "HEAD /editable_tables/Table_S11b.docx HTTP/1.1" 200 -
14/Sep/2026 17:20:13 "GET /editable_tables/Table_S11b.docx HTTP/1.1" 200 -
14/Sep/2026 17:20:13 "HEAD /editable_tables/Table_S12.docx HTTP/1.1" 200 -
14/Sep/2026 17:20:13 "GET /editable_tables/Table_S12.docx HTTP/1.1" 200 -
14/Sep/2026 17:20:13 "HEAD /editable_tables/Table_S13.docx HTTP/1.1" 200 -
14/Sep/2026 17:20:13 "GET /editable_tables/Table_S13.docx HTTP/1.1" 200 -
14/Sep/2026 17:20:13 "HEAD /editable_tables/Table_S14.docx HTTP/1.1" 200 -
14/Sep/2026 17:20:13 "GET /editable_tables/Table_S14.docx HTTP/1.1" 200 -
14/Sep/2026 17:20:13 "HEAD /editable_tables/Table_S15.docx HTTP/1.1" 200 -
14/Sep/2026 17:20:13 "GET /editable_tables/Table_S15.docx HTTP/1.1" 200 -
14/Sep/2026 17:20:13 "HEAD /editable_tables/Table_S2.docx HTTP/1.1" 200 -
14/Sep/2026 17:20:13 "GET /editable_tables/Table_S2.docx HTTP/1.1" 200 -
14/Sep/2026 17:20:13 "HEAD /editable_tables/Table_S3.docx HTTP/1.1" 200 -
14/Sep/2026 17:20:13 "GET /editable_tables/Table_S3.docx HTTP/1.1" 200 -
14/Sep/2026 17:20:13 "HEAD /editable_tables/Table_S4.docx HTTP/1.1" 200 -
14/Sep/2026 17:20:13 "GET /editable_tables/Table_S4.docx HTTP/1.1" 200 -
14/Sep/2026 17:20:13 "HEAD /editable_tables/Table_S5.docx HTTP/1.1" 200 -
14/Sep/2026 17:20:13 "GET /editable_tables/Table_S5.docx HTTP/1.1" 200 -
14/Sep/2026 17:20:13 "HEAD /editable_tables/Table_S6.docx HTTP/1.1" 200 -
14/Sep/2026 17:20:13 "GET /editable_tables/Table_S6.docx HTTP/1.1" 200 -
14/Sep/2026 17:20:13 "HEAD /editable_tables/Table_S7.docx HTTP/1.1" 200 -
14/Sep/2026 17:20:13 "GET /editable_tables/Table_S7.docx HTTP/1.1" 200 -
14/Sep/2026 17:20:13 "HEAD /editable_tables/Table_S8.docx HTTP/1.1" 200 -
14/Sep/2026 17:20:13 "GET /editable_tables/Table_S8.docx HTTP/1.1" 200 -
14/Sep/2026 17:20:13 "HEAD /editable_tables/Table_S9.docx HTTP/1.1" 200 -
14/Sep/2026 17:20:13 "GET /editable_tables/Table_S9.docx HTTP/1.1" 200 -
14/Sep/2026 17:20:13 "HEAD /manuscript_changes.csv HTTP/1.1" 200 -
14/Sep/2026 17:20:13 "GET /manuscript_changes.csv HTTP/1.1" 200 -
14/Sep/2026 17:20:13 "HEAD /manuscript_changes.md HTTP/1.1" 200 -
14/Sep/2026 17:20:13 "GET /manuscript_changes.md HTTP/1.1" 200 -
14/Sep/2026 17:20:41 "GET /index.html HTTP/1.1" 304 -
14/Sep/2026 17:22:21 "GET /search.json HTTP/1.1" 200 -
14/Sep/2026 17:23:52 "GET /supplementary_information.html HTTP/1.1" 200 -
14/Sep/2026 17:23:52 "GET /site_libs/bootstrap/bootstrap-1b8143a5af30aa0587ead8c64582f750.min.css HTTP/1.1" 200 -
14/Sep/2026 17:29:20 "GET /index.html HTTP/1.1" 304 -
14/Sep/2026 17:35:07 "GET /index.html HTTP/1.1" 304 -
14/Sep/2026 17:36:08 "GET /search.json HTTP/1.1" 304 -
14/Sep/2026 17:36:27 "GET /index.html?q=recommendation%20adherence HTTP/1.1" 200 -
14/Sep/2026 17:37:06 "GET / HTTP/1.1" 304 -
14/Sep/2026 17:37:07 "GET /supplementary_information.html HTTP/1.1" 304 -
14/Sep/2026 17:49:27 "GET /supplementary_information.html HTTP/1.1" 304 -
