{"command": ["Rscript", "--vanilla", "/Users/zauner/Documents/Arbeit/12-TUM/MeLiDos/WP2.2.5_Data_Analysis/ZaunerEtAl_bioRxiv_2026/audit/report_harmonization/final_site_a4_promotion_2026_09_14/helpers/verify_targeted.R"], "R_LIBS_USER": "/Users/zauner/Documents/Arbeit/12-TUM/MeLiDos/WP2.2.5_Data_Analysis/ZaunerEtAl_bioRxiv_2026/renv/library/macos/R-4.6/aarch64-apple-darwin23", "autoloader": "FALSE", "site": "/Users/zauner/Documents/Arbeit/12-TUM/MeLiDos/WP2.2.5_Data_Analysis/ZaunerEtAl_bioRxiv_2026/_build/nathealth", "evidence": "/Users/zauner/Documents/Arbeit/12-TUM/MeLiDos/WP2.2.5_Data_Analysis/ZaunerEtAl_bioRxiv_2026/audit/report_harmonization/final_site_a4_promotion_2026_09_14/evidence"}
                                 check pass
1    supp-table-s4_exact_retained_rows TRUE
2            supp-table-s4_notes_exact TRUE
3    supp-table-s7_exact_retained_rows TRUE
4            supp-table-s7_notes_exact TRUE
5    S7_one_continuous_17_metric_table TRUE
6       S7_deliberate_17_sample_breaks TRUE
7                       One_figure_S15 TRUE
8                       One_figure_S16 TRUE
9                       One_figure_S17 TRUE
10                      One_figure_S18 TRUE
11        S8_one_full_unchanged_figure TRUE
12 Every_image_source_exact_same_order TRUE
13                  Unique_element_ids TRUE
14        No_new_broken_internal_links TRUE
15              S4_FDR_family_retained TRUE
                                 check pass
1    supp-table-s4_exact_retained_rows TRUE
2            supp-table-s4_notes_exact TRUE
3    supp-table-s7_exact_retained_rows TRUE
4            supp-table-s7_notes_exact TRUE
5    S7_one_continuous_17_metric_table TRUE
6       S7_deliberate_17_sample_breaks TRUE
7                       One_figure_S15 TRUE
8                       One_figure_S16 TRUE
9                       One_figure_S17 TRUE
10                      One_figure_S18 TRUE
11        S8_one_full_unchanged_figure TRUE
12 Every_image_source_exact_same_order TRUE
13                  Unique_element_ids TRUE
14        No_new_broken_internal_links TRUE
15              S4_FDR_family_retained TRUE
