pandoc 
  to: docx
  output-file: ZaunerEtAl2026_NatHealth_phase3_brown.docx
  default-image-extension: png
  toc: false
  number-sections: false
  reference-doc: resources/8c0cf634a495_reference.docx
  css:
    - resources/5974136901a8_manuscript_displays.css
    - order72k_layout.css
  variables: {}
  
metadata
  crossref:
    fig-title: Figure
    tbl-title: Table
  engines:
    - path: /Applications/quarto/share/extension-subtrees/julia-engine/_extensions/julia-engine/julia-engine.js
  title: The health-relevant architecture of the everyday light exposome
  author:
    - name: Johannes Zauner
      orcid: 0000-0003-2171-4566
      email: johannes.zauner@tum.de
      corresponding: true
      affiliations:
        - ref: tum
    - name: Altug Didikoglu
      orcid: 0000-0002-5582-6956
      affiliations:
        - ref: manchester
        - ref: iyte
    - name: Sam Aerts
      orcid: 0000-0002-7444-4312
      affiliations:
        - ref: thuas
    - name: Gabriel Kwaku Agbeshie
      orcid: 0009-0009-6135-7111
      affiliations:
        - ref: knust
    - name: Kwadwo Owusu Akuffo
      orcid: 0000-0001-6683-249X
      affiliations:
        - ref: knust
    - name: Sena Gulsum Akgun
      affiliations:
        - ref: iyte
    - name: Sema Nur Aydin
      affiliations:
        - ref: iyte
    - name: David Baeza Moyano
      orcid: 0000-0001-8395-9994
      affiliations:
        - ref: ceu
    - name: Daan Boesten
      affiliations:
        - ref: thuas
    - name: John F.B. Bolte
      orcid: 0000-0001-8301-5547
      affiliations:
        - ref: thuas
        - ref: rivm
    - name: Kai Broszio
      orcid: 0000-0002-8269-8654
      affiliations:
        - ref: baua
    - name: Guadalupe Cantarero García
      orcid: 0000-0003-3169-8547
      affiliations:
        - ref: ceu
    - name: Roberto Alonso González Lezcano
      orcid: 0000-0002-6185-4929
      affiliations:
        - ref: ceu
    - name: Carolina Guidolin
      orcid: 0009-0007-4959-2667
      affiliations:
        - ref: mpi
    - name: Sarina Hilden
      affiliations:
        - ref: tum
    - name: Nico Hogervorst
      affiliations:
        - ref: thuas
    - name: Astrid Jansen
      affiliations:
        - ref: thuas
    - name: Zeynep Kayar
      affiliations:
        - ref: iyte
    - name: Stefan Källberg
      orcid: 0009-0003-8259-3400
      affiliations:
        - ref: rise
    - name: Suyoun Lee
      affiliations:
        - ref: tum
    - name: Sofía Melero Tur
      orcid: 0000-0002-5902-4539
      affiliations:
        - ref: ceu
    - name: Maria Nilsson Tengelin
      orcid: 0000-0002-0909-626X
      affiliations:
        - ref: rise
    - name: María Concepción Pérez Gutiérrez
      orcid: 0000-0003-0963-6147
      affiliations:
        - ref: ceu
    - name: Andrea Sancho-Salas
      orcid: 0000-0002-6566-2772
      affiliations:
        - ref: ucr
    - name: Oliver Stefani
      orcid: 0000-0003-0199-6500
      affiliations:
        - ref: hslu
    - name: Ingemar Svensson
      orcid: 0009-0006-9283-509X
      affiliations:
        - ref: rise
    - name: Helga von-Breymann
      orcid: 0000-0002-6841-5953
      affiliations:
        - ref: ucr
    - name: Manuel Spitschan
      orcid: 0000-0002-8572-9268
      affiliations:
        - ref: tum
        - ref: mpi
        - ref: tumias
        - ref: tumcreate
  affiliations:
    - id: tum
      name: Department Health and Sports Sciences, TUM School of Medicine and Health, Chronobiology & Health, Technical University of Munich, Munich, Germany
    - id: manchester
      name: Division of Diabetes, Endocrinology, and Gastroenterology, School of Medical Sciences, Faculty of Biology, Medicine and Health, The University of Manchester, Manchester, UK
    - id: iyte
      name: Faculty of Science, Department of Neuroscience, Izmir Institute of Technology, Izmir, Türkiye
    - id: thuas
      name: Smart Sensor Systems research group, The Hague University of Applied Sciences, Delft, The Netherlands
    - id: knust
      name: Department of Optometry and Visual Science, College of Science, Kwame Nkrumah University of Science and Technology, Kumasi, Ghana
    - id: ceu
      name: Fundación Universitaria CEU San Pablo, Boadilla del Monte, Madrid, Spain
    - id: rivm
      name: Centre for Sustainability, Environment and Health, National Institute for Public Health and the Environment (RIVM), Bilthoven, The Netherlands
    - id: baua
      name: Federal Institute for Occupational Safety and Health (BAuA), Dortmund, Germany
    - id: mpi
      name: Max Planck Institute for Biological Cybernetics, Max Planck Research Group Translational Sensory & Circadian Neuroscience, Tübingen, Germany
    - id: rise
      name: RISE Research Institutes of Sweden, Borås, Sweden
    - id: ucr
      name: School of Architecture, University of Costa Rica, San José, Costa Rica
    - id: hslu
      name: Lucerne University of Applied Sciences and Arts, Lucerne, Switzerland
    - id: tumias
      name: TUM Institute for Advanced Study (TUM-IAS), Technical University of Munich, Garching, Germany
    - id: tumcreate
      name: TUMCREATE Ltd., Singapore, Singapore
  date: '2026-08-21'
  lang: en-GB
  keywords:
    - ocular light exposure
    - melanopic equivalent daylight illuminance
    - wearable sensing
    - environmental health
    - exposome
    - non-communicable disease
    - circadian light
    - multicountry study
  bibliography:
    - resources/fa7454dedb2f_references_merged.bib
  csl: resources/15b1272a3c36_nature.csl
  link-citations: true
  reference-section-title: References
  
[WARNING] Could not convert image resources/012453debcd7_H04_manuscript_figure3_selection_candidate.svg: "check that rsvg-convert is in path.\nrsvg-convert: createProcess: posix_spawnp: does not exist (No such file or directory)"
[WARNING] Could not convert image resources/2f9493540f12_figure4_exact_layout_replication.svg: "check that rsvg-convert is in path.\nrsvg-convert: createProcess: posix_spawnp: does not exist (No such file or directory)"
[WARNING] Could not convert image resources/4304aa487b3c_descriptive_overview.svg: "check that rsvg-convert is in path.\nrsvg-convert: createProcess: posix_spawnp: does not exist (No such file or directory)"
Output created: render_docx_attempt2/ZaunerEtAl2026_NatHealth_phase3_brown.docx


