           sample_id state_display    estimate     conf_low   conf_high
              <char>        <char>       <num>        <num>       <num>
1: primary_any_valid       Daytime -0.05086702 -0.078019144 -0.02371489
2: primary_any_valid     Pre-sleep  0.05917982  0.013800444  0.10455919
3: primary_any_valid         Sleep -0.06490962 -0.091446967 -0.03837228
4:        support_80       Daytime -0.05672104 -0.084863543 -0.02857854
5:        support_80     Pre-sleep  0.04116612 -0.008565651  0.09089790
6:        support_80         Sleep -0.06267670 -0.089539524 -0.03581388
     p_adjusted
          <num>
1: 3.612540e-04
2: 1.058789e-02
3: 4.904195e-06
4: 1.170823e-04
5: 1.047208e-01
6: 1.442269e-05
   association_level target_state response_effect_percentage_points
              <char>       <char>                             <num>
1:            within        Sleep                        -0.2631128
2:            within    Pre-sleep                        -1.0942850
3:           between        Sleep                        -2.5169903
4:           between    Pre-sleep                        -3.5934041
   response_conf_low_percentage_points response_conf_high_percentage_points
                                 <num>                                <num>
1:                          -0.9515819                            0.4253563
2:                          -2.7483533                            0.5597832
3:                          -3.5548707                           -1.4791098
4:                          -5.9379670                           -1.2488412
   adjusted_p_value
              <num>
1:     4.526560e-01
2:     2.578244e-01
3:     3.487575e-06
4:     5.082481e-03
   tag   id                                                section_id
1   h2 <NA>                                    sec-brown-main-results
2   h3 <NA>                                  question-and-measurement
3   h3 <NA>                                   model-and-exact-samples
4   h3 <NA>                    main-window-day-type-and-site-findings
5   h3 <NA>             endpoint-calibration-and-coverage-sensitivity
6   h3 <NA>      retained-random-effect-and-descriptive-decomposition
7   h3 <NA>                          complementary-chest-measurements
8   h3 <NA>                   grouping-and-other-sensitivity-analyses
9   h3 <NA>                                 main-analysis-limitations
10  h2 <NA>                                     sec-brown-cross-state
11  h3 <NA>                                         what-was-compared
12  h3 <NA>        participant-profiles-across-recommendation-windows
13  h3 <NA>                         adjusted-cross-state-associations
14  h4 <NA>                                        day-level-question
15  h4 <NA>                                participant-level-question
16  h3 <NA> descriptive-daytime-cycle-groups-not-participant-rankings
17  h3 <NA>                     model-checks-and-sensitivity-analyses
18  h3 <NA>                cross-state-interpretation-and-limitations
19  h2 <NA>                                 integrated-interpretation
20  h2 <NA>                                      sec-brown-provenance
                                                             text
1            1 Main analysis: adherence across Work and Free days
2                                    1.1 Question and measurement
3                                     1.2 Model and exact samples
4                    1.3 Main window, day-type, and site findings
5               1.4 Endpoint calibration and coverage sensitivity
6        1.5 Retained random effect and descriptive decomposition
7                            1.6 Complementary chest measurements
8                     1.7 Grouping and other sensitivity analyses
9                                   1.8 Main-analysis limitations
10                            2 Exploratory cross-state extension
11                                          2.1 What was compared
12         2.2 Participant profiles across recommendation windows
13                          2.3 Adjusted cross-state associations
14                                       2.3.1 Day-level question
15                               2.3.2 Participant-level question
16 2.4 Descriptive Daytime-cycle groups, not participant rankings
17                      2.5 Model checks and sensitivity analyses
18                 2.6 Cross-state interpretation and limitations
19                                    3 Integrated interpretation
20                              4 Detailed methods and provenance
FINISHING007_INPUTS=PASS final610 current211 main6 association4 no_fit_no_render
