pandoc --output ZaunerEtAl2026_NatHealth_phase3_brown_raw.docx

  to: docx
  default-image-extension: png
  toc: false
  number-sections: false
  reference-doc: ../../assets/reference.docx
  css:
    - manuscript_displays.css
  variables: {}
  

metadata

  crossref:
    fig-title: Figure
    tbl-title: Table
  engines:
    - path: /Applications/quarto/share/extension-subtrees/julia-engine/_extensions/julia-engine/julia-engine.js
  title: The multiscale architecture of personal light exposure
  author:
    - name: Johannes Zauner
      orcid: 0000-0003-2171-4566
      email: johannes.zauner@tum.de
      corresponding: true
      affiliations:
        - ref: tum
    - name: Altug Didikoglu
      orcid: 0000-0002-5582-6956
      affiliations:
        - ref: manchester
        - ref: iyte
    - name: Sam Aerts
      orcid: 0000-0002-7444-4312
      affiliations:
        - ref: thuas
    - name: Gabriel Kwaku Agbeshie
      orcid: 0009-0009-6135-7111
      affiliations:
        - ref: knust
    - name: Kwadwo Owusu Akuffo
      orcid: 0000-0001-6683-249X
      affiliations:
        - ref: knust
    - name: Sena Gulsum Akgun
      affiliations:
        - ref: iyte
    - name: Sema Nur Aydin
      affiliations:
        - ref: iyte
    - name: David Baeza Moyano
      orcid: 0000-0001-8395-9994
      affiliations:
        - ref: ceu
    - name: Daan Boesten
      affiliations:
        - ref: thuas
    - name: John F.B. Bolte
      orcid: 0000-0001-8301-5547
      affiliations:
        - ref: thuas
        - ref: rivm
    - name: Kai Broszio
      orcid: 0000-0002-8269-8654
      affiliations:
        - ref: baua
    - name: Guadalupe Cantarero García
      orcid: 0000-0003-3169-8547
      affiliations:
        - ref: ceu
    - name: Roberto Alonso González Lezcano
      orcid: 0000-0002-6185-4929
      affiliations:
        - ref: ceu
    - name: Carolina Guidolin
      orcid: 0009-0007-4959-2667
      affiliations:
        - ref: mpi
    - name: Sarina Hilden
      affiliations:
        - ref: tum
    - name: Nico Hogervorst
      affiliations:
        - ref: thuas
    - name: Astrid Jansen
      affiliations:
        - ref: thuas
    - name: Zeynep Kayar
      affiliations:
        - ref: iyte
    - name: Stefan Källberg
      orcid: 0009-0003-8259-3400
      affiliations:
        - ref: rise
    - name: Suyoun Lee
      affiliations:
        - ref: tum
    - name: Sofía Melero Tur
      orcid: 0000-0002-5902-4539
      affiliations:
        - ref: ceu
    - name: Maria Nilsson Tengelin
      orcid: 0000-0002-0909-626X
      affiliations:
        - ref: rise
    - name: María Concepción Pérez Gutiérrez
      orcid: 0000-0003-0963-6147
      affiliations:
        - ref: ceu
    - name: Andrea Sancho-Salas
      orcid: 0000-0002-6566-2772
      affiliations:
        - ref: ucr
    - name: Oliver Stefani
      orcid: 0000-0003-0199-6500
      affiliations:
        - ref: hslu
    - name: Ingemar Svensson
      orcid: 0009-0006-9283-509X
      affiliations:
        - ref: rise
    - name: Helga von-Breymann
      orcid: 0000-0002-6841-5953
      affiliations:
        - ref: ucr
    - name: Manuel Spitschan
      orcid: 0000-0002-8572-9268
      affiliations:
        - ref: tum
        - ref: mpi
        - ref: tumias
        - ref: tumcreate
  affiliations:
    - id: tum
      name: Department Health and Sports Sciences, TUM School of Medicine and Health, Chronobiology & Health, Technical University of Munich, Munich, Germany
    - id: manchester
      name: Division of Diabetes, Endocrinology, and Gastroenterology, School of Medical Sciences, Faculty of Biology, Medicine and Health, The University of Manchester, Manchester, UK
    - id: iyte
      name: Faculty of Science, Department of Neuroscience, Izmir Institute of Technology, Izmir, Türkiye
    - id: thuas
      name: Smart Sensor Systems research group, The Hague University of Applied Sciences, Delft, The Netherlands
    - id: knust
      name: Department of Optometry and Visual Science, College of Science, Kwame Nkrumah University of Science and Technology, Kumasi, Ghana
    - id: ceu
      name: Fundación Universitaria CEU San Pablo, Boadilla del Monte, Madrid, Spain
    - id: rivm
      name: Centre for Sustainability, Environment and Health, National Institute for Public Health and the Environment (RIVM), Bilthoven, The Netherlands
    - id: baua
      name: Federal Institute for Occupational Safety and Health (BAuA), Dortmund, Germany
    - id: mpi
      name: Max Planck Institute for Biological Cybernetics, Max Planck Research Group Translational Sensory & Circadian Neuroscience, Tübingen, Germany
    - id: rise
      name: RISE Research Institutes of Sweden, Borås, Sweden
    - id: ucr
      name: School of Architecture, University of Costa Rica, San José, Costa Rica
    - id: hslu
      name: Lucerne University of Applied Sciences and Arts, Lucerne, Switzerland
    - id: tumias
      name: TUM Institute for Advanced Study (TUM-IAS), Technical University of Munich, Garching, Germany
    - id: tumcreate
      name: TUMCREATE Ltd., Singapore, Singapore
  date: '2026-08-21'
  lang: en-GB
  abstract-title: Abstract
  abstract: |
    Personal light exposure has been associated with sleep and non-communicable diseases, yet how ocular exposure varies across the day, among people and between everyday settings remains poorly understood. We analysed 191 adults at nine sites in seven countries; 184 contributed 1,478 participant-days (near eye: 141 adults, 816 days; complementary chest: 154 adults, 902 days). The shared 24-hour near-eye pattern accounted for 78.9% of full-model R², participant patterns 12.9%, participant-day shifts 6.2% and site patterns 2.0%. Reported light source and immediate setting produced large contrasts, accounting for 24.2% and 30.7%, respectively, of variation in fitted hourly patterns, the next-largest shares after time of day. Site, civil-photoperiod and person-level associations were metric-specific rather than uniform. Only 24.0% of daytime minutes met the recommendation. By resolving variation across sites, people, days and immediate settings, this study lays an empirical foundation for targeted, harmonised exposure monitoring aligned with health-based light recommendations.
  keywords:
    - ocular light exposure
    - melanopic equivalent daylight illuminance
    - wearable sensing
    - environmental health
    - exposome
    - non-communicable disease
    - circadian light
    - multicountry study
  bibliography:
    - references_merged.bib
  csl: ../../nature.csl
  link-citations: true
  reference-section-title: References
  

Output created: ../../audit/manuscript_nature_health/order71b_execution_2026_09_03/docx_candidate/ZaunerEtAl2026_NatHealth_phase3_brown_raw.docx


